<html>
<body>
<pre>
<h1>µVision Build Log</h1>
<h2>Tool Versions:</h2>
IDE-Version: ¦ÌVision V5.36.0.0
Copyright (C) 2021 ARM Ltd and ARM Germany GmbH. All rights reserved.
License Information: Nonbeing Nonbeing, Nonbeing, LIC=EXJT4-F3CWJ-2Z9W4-F5NBH-SD4AM-ZNK9W
 
Tool Versions:
Toolchain:       MDK-ARM Plus  Version: 5.36.0.0
Toolchain Path:  C:\Keil_v5\ARM\ARMCC\Bin
C Compiler:      Armcc.exe V5.06 update 7 (build 960)
Assembler:       Armasm.exe V5.06 update 7 (build 960)
Linker/Locator:  ArmLink.exe V5.06 update 7 (build 960)
Library Manager: ArmAr.exe V5.06 update 7 (build 960)
Hex Converter:   FromElf.exe V5.06 update 7 (build 960)
CPU DLL:         SARMCM3.DLL V5.36.0.0
Dialog DLL:      DCM.DLL V1.17.3.0
Target DLL:      CMSIS_AGDI.dll V1.33.0.0
Dialog DLL:      TCM.DLL V1.53.0.0
 
<h2>Project:</h2>
C:\Codes\Embedded\Final Lab\FreeRTOS\Project\KEIL\Final.uvprojx
Project File Date:  12/03/2023

<h2>Output:</h2>
*** Using Compiler 'V5.06 update 7 (build 960)', folder: 'C:\Keil_v5\ARM\ARMCC\Bin'
Rebuild target 'U1'
compiling gd32f4xx_can.c...
compiling gd32f4xx_dac.c...
compiling debug.c...
compiling gd32f4xx_ctc.c...
compiling gd32f4xx_dbg.c...
compiling gd32f4xx_crc.c...
compiling gd32f4xx_dci.c...
compiling i2c_ctl.c...
compiling gd32f4xx_adc.c...
compiling gd32f4xx_dma.c...
compiling main.c...
compiling gd32f4xx_exti.c...
compiling gd32f4xx_exmc.c...
compiling gd32f4xx_enet.c...
compiling gd32f4xx_fwdgt.c...
compiling gd32f4xx_gpio.c...
compiling gd32f4xx_fmc.c...
compiling gd32f4xx_misc.c...
compiling gd32f4xx_iref.c...
compiling gd32f4xx_i2c.c...
compiling gd32f4xx_ipa.c...
compiling gd32f4xx_pmu.c...
compiling gd32f4xx_rcu.c...
compiling gd32f4xx_rtc.c...
compiling gd32f4xx_sdio.c...
compiling gd32f4xx_spi.c...
compiling gd32f4xx_syscfg.c...
compiling gd32f4xx_trng.c...
compiling gd32f4xx_wwdgt.c...
assembling startup_gd32f450_470.s...
compiling gd32f4xx_tli.c...
compiling system_gd32f4xx.c...
compiling gd32f4xx_usart.c...
compiling gd32f4xx_timer.c...
compiling heap_4.c...
compiling croutine.c...
compiling event_groups.c...
compiling list.c...
compiling timers.c...
compiling stream_buffer.c...
compiling port.c...
compiling queue.c...
compiling tasks.c...
compiling ht16k33.c...
compiling i2c.c...
compiling pca9685.c...
compiling bh1750.c...
compiling ms523.c...
compiling pca9557.c...
compiling gd32f450z_eval.c...
compiling uart.c...
compiling sht35.c...
compiling gd32f330.c...
linking...
Program Size: Code=19704 RO-data=480 RW-data=296 ZI-data=98448  
FromELF: creating hex file...
".\Objects\Final.axf" - 0 Error(s), 0 Warning(s).

<h2>Software Packages used:</h2>

Package Vendor: GigaDevice
                https://gd32mcu.com/data/documents/pack/GigaDevice.GD32F4xx_DFP.3.0.3.pack
                GigaDevice.GD32F4xx_DFP.3.0.3
                GigaDevice GD32F4xx Series Device Support and Examples

<h2>Collection of Component include folders:</h2>
  C:\Users\lenovo\AppData\Local\Arm\Packs\GigaDevice\GD32F4xx_DFP\3.0.3\Device\F4XX\Include

<h2>Collection of Component Files used:</h2>
Build Time Elapsed:  00:00:05
</pre>
</body>
</html>
