Component: ARM Compiler 5.06 update 7 (build 960) Tool: armlink [4d3601]

==============================================================================

Section Cross References

    main.o(i.i2c_bath_task) refers to tasks.o(i.xTaskCreate) for xTaskCreate
    main.o(i.i2c_bath_task) refers to tasks.o(i.vTaskDelete) for vTaskDelete
    main.o(i.i2c_bath_task) refers to main.o(i.nfc_bath_task) for nfc_bath_task
    main.o(i.i2c_test_task) refers to i2c_ctl.o(i.i2c_test) for i2c_test
    main.o(i.i2c_test_task) refers to tasks.o(i.vTaskDelay) for vTaskDelay
    main.o(i.init_task) refers to gd32f450z_eval.o(i.gd_eval_com_init) for gd_eval_com_init
    main.o(i.init_task) refers to gd32f450z_eval.o(i.gd_eval_led_init) for gd_eval_led_init
    main.o(i.init_task) refers to i2c.o(i.i2c0_gpio_config) for i2c0_gpio_config
    main.o(i.init_task) refers to i2c.o(i.i2c0_config) for i2c0_config
    main.o(i.init_task) refers to i2c.o(i.i2c1_gpio_config) for i2c1_gpio_config
    main.o(i.init_task) refers to i2c.o(i.i2c1_config) for i2c1_config
    main.o(i.init_task) refers to i2c_ctl.o(i.i2c_addr_init) for i2c_addr_init
    main.o(i.init_task) refers to uart.o(i.uart_init) for uart_init
    main.o(i.init_task) refers to i2c_ctl.o(i.LED_display) for LED_display
    main.o(i.init_task) refers to i2c_ctl.o(i.pc9685_rgb_led_control) for pc9685_rgb_led_control
    main.o(i.init_task) refers to tasks.o(i.xTaskCreate) for xTaskCreate
    main.o(i.init_task) refers to tasks.o(i.vTaskDelete) for vTaskDelete
    main.o(i.init_task) refers to i2c_ctl.o(.bss) for e1_rgb_led_addr
    main.o(i.init_task) refers to main.o(i.i2c_bath_task) for i2c_bath_task
    main.o(i.ir_check_human_task) refers to i2c_ctl.o(i.check_human) for check_human
    main.o(i.ir_check_human_task) refers to tasks.o(i.vTaskDelay) for vTaskDelay
    main.o(i.led_task) refers to gd32f450z_eval.o(i.gd_eval_led_toggle) for gd_eval_led_toggle
    main.o(i.led_task) refers to tasks.o(i.vTaskDelay) for vTaskDelay
    main.o(i.main) refers to tasks.o(i.xTaskCreate) for xTaskCreate
    main.o(i.main) refers to tasks.o(i.vTaskStartScheduler) for vTaskStartScheduler
    main.o(i.main) refers to main.o(.data) for InitTask_Handler
    main.o(i.main) refers to main.o(i.init_task) for init_task
    main.o(i.nfc_bath_task) refers to i2c_ctl.o(i.nfc_bath) for nfc_bath
    main.o(i.nfc_bath_task) refers to tasks.o(i.vTaskDelay) for vTaskDelay
    main.o(i.nfc_wallet_init_task) refers to i2c_ctl.o(i.nfc_wallet_init) for nfc_wallet_init
    main.o(i.nfc_wallet_init_task) refers to tasks.o(i.vTaskDelay) for vTaskDelay
    debug.o(i.fputc) refers to debug.o(i.print_buf_putchar) for print_buf_putchar
    debug.o(i.print_buf_putchar) refers to debug.o(.bss) for stdio_print_buf
    i2c_ctl.o(i.LED_display) refers to ht16k33.o(i.ht16k33_display_data) for ht16k33_display_data
    i2c_ctl.o(i.LED_display) refers to i2c_ctl.o(.bss) for e1_nixie_tube_addr
    i2c_ctl.o(i.check_human) refers to pca9557.o(i.pca9557_ir_read) for pca9557_ir_read
    i2c_ctl.o(i.check_human) refers to i2c_ctl.o(.bss) for s7_ir_addr
    i2c_ctl.o(i.curtain_close) refers to i2c.o(i.i2c_read) for i2c_read
    i2c_ctl.o(i.curtain_close) refers to i2c.o(i.i2c_byte_write) for i2c_byte_write
    i2c_ctl.o(i.curtain_close) refers to i2c_ctl.o(.bss) for e3_curtain_addr
    i2c_ctl.o(i.curtain_close) refers to i2c_ctl.o(.data) for curtain_run_sts
    i2c_ctl.o(i.curtain_open) refers to i2c.o(i.i2c_read) for i2c_read
    i2c_ctl.o(i.curtain_open) refers to i2c.o(i.i2c_byte_write) for i2c_byte_write
    i2c_ctl.o(i.curtain_open) refers to i2c_ctl.o(.bss) for e3_curtain_addr
    i2c_ctl.o(i.curtain_open) refers to i2c_ctl.o(.data) for curtain_run_sts
    i2c_ctl.o(i.e3_curtain_init) refers to i2c.o(i.i2c_read) for i2c_read
    i2c_ctl.o(i.e3_curtain_init) refers to i2c.o(i.i2c_byte_write) for i2c_byte_write
    i2c_ctl.o(i.e3_curtain_init) refers to tasks.o(i.vTaskDelay) for vTaskDelay
    i2c_ctl.o(i.e3_curtain_init) refers to i2c_ctl.o(.bss) for e3_curtain_addr
    i2c_ctl.o(i.e3_curtain_init) refers to i2c_ctl.o(.data) for photo_sw_sts
    i2c_ctl.o(i.i2c_addr_init) refers to i2c.o(i.i2c_addr_poll) for i2c_addr_poll
    i2c_ctl.o(i.i2c_addr_init) refers to printf8.o(i.__0printf$8) for __2printf
    i2c_ctl.o(i.i2c_addr_init) refers to pca9685.o(i.pc9685_init) for pc9685_init
    i2c_ctl.o(i.i2c_addr_init) refers to ht16k33.o(i.ht16k33_init) for ht16k33_init
    i2c_ctl.o(i.i2c_addr_init) refers to i2c_ctl.o(i.e3_curtain_init) for e3_curtain_init
    i2c_ctl.o(i.i2c_addr_init) refers to bh1750.o(i.bh1750_init) for bh1750_init
    i2c_ctl.o(i.i2c_addr_init) refers to sht35.o(i.sht35_init) for sht35_init
    i2c_ctl.o(i.i2c_addr_init) refers to i2c_ctl.o(.bss) for e1_rgb_led_addr
    i2c_ctl.o(i.i2c_addr_init) refers to ms523.o(i.MFRC522_Init) for MFRC522_Init
    i2c_ctl.o(i.i2c_addr_init) refers to pca9557.o(i.pca9557_ir_init) for pca9557_ir_init
[...]
    ..\\..\\..\\Library\\Firmware\\GD32F4xx_standard_peripheral\\Source\\gd32f4xx_tli.c 0x00000000   Number         0  gd32f4xx_tli.o ABSOLUTE
    ..\\..\\..\\Library\\Firmware\\GD32F4xx_standard_peripheral\\Source\\gd32f4xx_trng.c 0x00000000   Number         0  gd32f4xx_trng.o ABSOLUTE
    ..\\..\\..\\Library\\Firmware\\GD32F4xx_standard_peripheral\\Source\\gd32f4xx_usart.c 0x00000000   Number         0  gd32f4xx_usart.o ABSOLUTE
    ..\\..\\..\\Library\\Firmware\\GD32F4xx_standard_peripheral\\Source\\gd32f4xx_wwdgt.c 0x00000000   Number         0  gd32f4xx_wwdgt.o ABSOLUTE
    ..\\..\\Third_Party\\FreeRTOS\\port\\port.c 0x00000000   Number         0  port.o ABSOLUTE
    ..\\Application\\src\\debug.c            0x00000000   Number         0  debug.o ABSOLUTE
    ..\\Application\\src\\i2c_ctl.c          0x00000000   Number         0  i2c_ctl.o ABSOLUTE
    ..\\Application\\src\\main.c             0x00000000   Number         0  main.o ABSOLUTE
    ..\\GD32F450Z_BSP\\src\\bh1750.c         0x00000000   Number         0  bh1750.o ABSOLUTE
    ..\\GD32F450Z_BSP\\src\\gd32f330.c       0x00000000   Number         0  gd32f330.o ABSOLUTE
    ..\\GD32F450Z_BSP\\src\\gd32f450z_eval.c 0x00000000   Number         0  gd32f450z_eval.o ABSOLUTE
    ..\\GD32F450Z_BSP\\src\\ht16k33.c        0x00000000   Number         0  ht16k33.o ABSOLUTE
    ..\\GD32F450Z_BSP\\src\\i2c.c            0x00000000   Number         0  i2c.o ABSOLUTE
    ..\\GD32F450Z_BSP\\src\\ms523.c          0x00000000   Number         0  ms523.o ABSOLUTE
    ..\\GD32F450Z_BSP\\src\\pca9557.c        0x00000000   Number         0  pca9557.o ABSOLUTE
    ..\\GD32F450Z_BSP\\src\\pca9685.c        0x00000000   Number         0  pca9685.o ABSOLUTE
    ..\\GD32F450Z_BSP\\src\\sht35.c          0x00000000   Number         0  sht35.o ABSOLUTE
    ..\\GD32F450Z_BSP\\src\\uart.c           0x00000000   Number         0  uart.o ABSOLUTE
    cdrcmple.s                               0x00000000   Number         0  cdrcmple.o ABSOLUTE
    dc.s                                     0x00000000   Number         0  dc.o ABSOLUTE
    handlers.s                               0x00000000   Number         0  handlers.o ABSOLUTE
    init.s                                   0x00000000   Number         0  init.o ABSOLUTE
    RESET                                    0x08000000   Section      428  startup_gd32f450_470.o(RESET)
    .ARM.Collect$$$$00000000                 0x080001ac   Section        0  entry.o(.ARM.Collect$$$$00000000)
    .ARM.Collect$$$$00000001                 0x080001ac   Section        4  entry2.o(.ARM.Collect$$$$00000001)
    .ARM.Collect$$$$00000004                 0x080001b0   Section        4  entry5.o(.ARM.Collect$$$$00000004)
    .ARM.Collect$$$$00000008                 0x080001b4   Section        0  entry7b.o(.ARM.Collect$$$$00000008)
    .ARM.Collect$$$$0000000A                 0x080001b4   Section        0  entry8b.o(.ARM.Collect$$$$0000000A)
    .ARM.Collect$$$$0000000B                 0x080001b4   Section        8  entry9a.o(.ARM.Collect$$$$0000000B)
    .ARM.Collect$$$$0000000E                 0x080001bc   Section        4  entry12b.o(.ARM.Collect$$$$0000000E)
    .ARM.Collect$$$$0000000F                 0x080001c0   Section        0  entry10a.o(.ARM.Collect$$$$0000000F)
    .ARM.Collect$$$$00000011                 0x080001c0   Section        0  entry11a.o(.ARM.Collect$$$$00000011)
    .ARM.Collect$$$$00002712                 0x080001c0   Section        4  entry2.o(.ARM.Collect$$$$00002712)
    __lit__00000000                          0x080001c0   Data           4  entry2.o(.ARM.Collect$$$$00002712)
    .emb_text                                0x080001c4   Section      190  port.o(.emb_text)
    $v0                                      0x080001c4   Number         0  port.o(.emb_text)
    .text                                    0x08000284   Section       36  startup_gd32f450_470.o(.text)
    $v0                                      0x08000284   Number         0  startup_gd32f450_470.o(.text)
    .text                                    0x080002a8   Section        0  memcpya.o(.text)
    .text                                    0x080002cc   Section        0  memseta.o(.text)
    .text                                    0x080002f0   Section        0  uldiv.o(.text)
    .text                                    0x08000354   Section       36  init.o(.text)
    .text                                    0x08000378   Section        0  llshl.o(.text)
    .text                                    0x08000396   Section        0  llushr.o(.text)
    i.CalulateCRC                            0x080003b6   Section        0  ms523.o(i.CalulateCRC)
    i.ClearBitMask                           0x0800044c   Section        0  ms523.o(i.ClearBitMask)
    i.LED_display                            0x08000484   Section        0  i2c_ctl.o(i.LED_display)
    i.M500PcdConfigISOType                   0x08000574   Section        0  ms523.o(i.M500PcdConfigISOType)
    i.MFRC522_Init                           0x080005fc   Section        0  ms523.o(i.MFRC522_Init)
    i.MFRC_Delay                             0x0800062e   Section        0  ms523.o(i.MFRC_Delay)
    i.MS523_Connect                          0x08000648   Section        0  ms523.o(i.MS523_Connect)
    i.MS523_Decrement                        0x08000848   Section        0  ms523.o(i.MS523_Decrement)
    i.PcdAntennaOff                          0x080008d0   Section        0  ms523.o(i.PcdAntennaOff)
    i.PcdAntennaOn                           0x080008e4   Section        0  ms523.o(i.PcdAntennaOn)
    i.PcdAnticoll                            0x08000912   Section        0  ms523.o(i.PcdAnticoll)
    i.PcdAuthState                           0x080009a2   Section        0  ms523.o(i.PcdAuthState)
    i.PcdComMS523                            0x08000a2a   Section        0  ms523.o(i.PcdComMS523)
    i.PcdHalt                                0x08000bce   Section        0  ms523.o(i.PcdHalt)
    i.PcdRead                                0x08000c12   Section        0  ms523.o(i.PcdRead)
    i.PcdRequest                             0x08000c7e   Section        0  ms523.o(i.PcdRequest)
    i.PcdReset                               0x08000cf0   Section        0  ms523.o(i.PcdReset)
    i.PcdSelect                              0x08000d6c   Section        0  ms523.o(i.PcdSelect)
    i.PcdValue                               0x08000dfa   Section        0  ms523.o(i.PcdValue)
    i.SetBitMask                             0x08000eec   Section        0  ms523.o(i.SetBitMask)
    i.SysTick_Handler                        0x08000f24   Section        0  port.o(i.SysTick_Handler)
    i.SystemInit                             0x08000f58   Section        0  system_gd32f4xx.o(i.SystemInit)
    i.TIMER3_IRQHandler                      0x0800102c   Section        0  uart.o(i.TIMER3_IRQHandler)
    i.USART0_IRQHandler                      0x08001074   Section        0  uart.o(i.USART0_IRQHandler)
    i.__0printf$8                            0x08001100   Section        0  printf8.o(i.__0printf$8)
    i.__scatterload_copy                     0x08001120   Section       14  handlers.o(i.__scatterload_copy)
    i.__scatterload_null                     0x0800112e   Section        2  handlers.o(i.__scatterload_null)
    i.__scatterload_zeroinit                 0x08001130   Section       14  handlers.o(i.__scatterload_zeroinit)
    i._printf_core                           0x08001140   Section        0  printf8.o(i._printf_core)
    _printf_core                             0x08001141   Thumb Code   984  printf8.o(i._printf_core)
    i._printf_post_padding                   0x08001544   Section        0  printf8.o(i._printf_post_padding)
    _printf_post_padding                     0x08001545   Thumb Code    36  printf8.o(i._printf_post_padding)
    i._printf_pre_padding                    0x08001568   Section        0  printf8.o(i._printf_pre_padding)
    _printf_pre_padding                      0x08001569   Thumb Code    46  printf8.o(i._printf_pre_padding)
    i.bh1750_init                            0x08001596   Section        0  bh1750.o(i.bh1750_init)
    i.check_human                            0x080015a8   Section        0  i2c_ctl.o(i.check_human)
    i.curtain_close                          0x080015d4   Section        0  i2c_ctl.o(i.curtain_close)
    i.curtain_open                           0x08001628   Section        0  i2c_ctl.o(i.curtain_open)
    i.e3_curtain_init                        0x08001678   Section        0  i2c_ctl.o(i.e3_curtain_init)
    i.fputc                                  0x08001720   Section        0  debug.o(i.fputc)
    i.gd_eval_com_init                       0x08001734   Section        0  gd32f450z_eval.o(i.gd_eval_com_init)
    i.gd_eval_led_init                       0x080017ec   Section        0  gd32f450z_eval.o(i.gd_eval_led_init)
    i.gpio_af_set                            0x08001840   Section        0  gd32f4xx_gpio.o(i.gpio_af_set)
    i.gpio_mode_set                          0x0800189e   Section        0  gd32f4xx_gpio.o(i.gpio_mode_set)
    i.gpio_output_options_set                0x080018ec   Section        0  gd32f4xx_gpio.o(i.gpio_output_options_set)
    i.ht16k33_display_data                   0x08001930   Section        0  ht16k33.o(i.ht16k33_display_data)
    i.ht16k33_display_off                    0x080019f4   Section        0  ht16k33.o(i.ht16k33_display_off)
    i.ht16k33_init                           0x08001a66   Section        0  ht16k33.o(i.ht16k33_init)
    i.i2c0_config                            0x08001a80   Section        0  i2c.o(i.i2c0_config)
    i.i2c0_gpio_config                       0x08001abc   Section        0  i2c.o(i.i2c0_gpio_config)
    i.i2c1_config                            0x08001b1c   Section        0  i2c.o(i.i2c1_config)
    i.i2c1_gpio_config                       0x08001b58   Section        0  i2c.o(i.i2c1_gpio_config)
    i.i2c_ack_config                         0x08001bb0   Section        0  gd32f4xx_i2c.o(i.i2c_ack_config)
    i.i2c_ackpos_config                      0x08001bc0   Section        0  gd32f4xx_i2c.o(i.i2c_ackpos_config)
    i.i2c_addr_init                          0x08001bd0   Section        0  i2c_ctl.o(i.i2c_addr_init)
    i.i2c_addr_poll                          0x080023a8   Section        0  i2c.o(i.i2c_addr_poll)
    i.i2c_bath_task                          0x0800242c   Section        0  main.o(i.i2c_bath_task)
    i.i2c_byte_write                         0x0800245c   Section        0  i2c.o(i.i2c_byte_write)
    i.i2c_clock_config                       0x08002520   Section        0  gd32f4xx_i2c.o(i.i2c_clock_config)
    i.i2c_cmd_write                          0x08002604   Section        0  i2c.o(i.i2c_cmd_write)
    i.i2c_data_receive                       0x080026ae   Section        0  gd32f4xx_i2c.o(i.i2c_data_receive)
    i.i2c_data_transmit                      0x080026b6   Section        0  gd32f4xx_i2c.o(i.i2c_data_transmit)
    i.i2c_enable                             0x080026bc   Section        0  gd32f4xx_i2c.o(i.i2c_enable)
    i.i2c_flag_clear                         0x080026c6   Section        0  gd32f4xx_i2c.o(i.i2c_flag_clear)
    i.i2c_flag_get                           0x080026ee   Section        0  gd32f4xx_i2c.o(i.i2c_flag_get)
    i.i2c_master_addressing                  0x0800270c   Section        0  gd32f4xx_i2c.o(i.i2c_master_addressing)
    i.i2c_mode_addr_config                   0x08002720   Section        0  gd32f4xx_i2c.o(i.i2c_mode_addr_config)
    i.i2c_read                               0x0800273c   Section        0  i2c.o(i.i2c_read)
    i.i2c_start_on_bus                       0x080028bc   Section        0  gd32f4xx_i2c.o(i.i2c_start_on_bus)
    i.i2c_stop_on_bus                        0x080028c6   Section        0  gd32f4xx_i2c.o(i.i2c_stop_on_bus)
    i.i2c_write                              0x080028d0   Section        0  i2c.o(i.i2c_write)
    i.init_task                              0x080029ac   Section        0  main.o(i.init_task)
    i.main                                   0x08002a20   Section        0  main.o(i.main)
    i.nfc_bath                               0x08002a50   Section        0  i2c_ctl.o(i.nfc_bath)
    i.nfc_bath_task                          0x08002b58   Section        0  main.o(i.nfc_bath_task)
    i.nvic_irq_enable                        0x08002b68   Section        0  gd32f4xx_misc.o(i.nvic_irq_enable)
    i.nvic_priority_group_set                0x08002c2c   Section        0  gd32f4xx_misc.o(i.nvic_priority_group_set)
    i.pc9685_init                            0x08002c40   Section        0  pca9685.o(i.pc9685_init)
    i.pc9685_rgb_led_control                 0x08002c5c   Section        0  i2c_ctl.o(i.pc9685_rgb_led_control)
    i.pca9557_ir_init                        0x08002d32   Section        0  pca9557.o(i.pca9557_ir_init)
    i.pca9557_ir_read                        0x08002d52   Section        0  pca9557.o(i.pca9557_ir_read)
    i.print_buf_putchar                      0x08002d78   Section        0  debug.o(i.print_buf_putchar)
    i.prvAddCurrentTaskToDelayedList         0x08002dac   Section        0  tasks.o(i.prvAddCurrentTaskToDelayedList)
    prvAddCurrentTaskToDelayedList           0x08002dad   Thumb Code   166  tasks.o(i.prvAddCurrentTaskToDelayedList)
    i.prvAddNewTaskToReadyList               0x08002e70   Section        0  tasks.o(i.prvAddNewTaskToReadyList)
    prvAddNewTaskToReadyList                 0x08002e71   Thumb Code   214  tasks.o(i.prvAddNewTaskToReadyList)
    i.prvCheckForValidListAndQueue           0x08002f64   Section        0  timers.o(i.prvCheckForValidListAndQueue)
    prvCheckForValidListAndQueue             0x08002f65   Thumb Code    72  timers.o(i.prvCheckForValidListAndQueue)
    i.prvCheckTasksWaitingTermination        0x08002fc8   Section        0  tasks.o(i.prvCheckTasksWaitingTermination)
    prvCheckTasksWaitingTermination          0x08002fc9   Thumb Code    60  tasks.o(i.prvCheckTasksWaitingTermination)
    i.prvCopyDataFromQueue                   0x08003010   Section        0  queue.o(i.prvCopyDataFromQueue)
    prvCopyDataFromQueue                     0x08003011   Thumb Code    42  queue.o(i.prvCopyDataFromQueue)
    i.prvDeleteTCB                           0x0800303a   Section        0  tasks.o(i.prvDeleteTCB)
    prvDeleteTCB                             0x0800303b   Thumb Code    18  tasks.o(i.prvDeleteTCB)
    i.prvGetNextExpireTime                   0x0800304c   Section        0  timers.o(i.prvGetNextExpireTime)
    prvGetNextExpireTime                     0x0800304d   Thumb Code    36  timers.o(i.prvGetNextExpireTime)
    i.prvHeapInit                            0x08003074   Section        0  heap_4.o(i.prvHeapInit)
    prvHeapInit                              0x08003075   Thumb Code    90  heap_4.o(i.prvHeapInit)
    i.prvIdleTask                            0x080030e4   Section        0  tasks.o(i.prvIdleTask)
    prvIdleTask                              0x080030e5   Thumb Code    32  tasks.o(i.prvIdleTask)
    i.prvInitialiseNewQueue                  0x0800310c   Section        0  queue.o(i.prvInitialiseNewQueue)
    prvInitialiseNewQueue                    0x0800310d   Thumb Code    42  queue.o(i.prvInitialiseNewQueue)
    i.prvInitialiseNewTask                   0x08003136   Section        0  tasks.o(i.prvInitialiseNewTask)
    prvInitialiseNewTask                     0x08003137   Thumb Code   204  tasks.o(i.prvInitialiseNewTask)
    i.prvInitialiseTaskLists                 0x08003204   Section        0  tasks.o(i.prvInitialiseTaskLists)
    prvInitialiseTaskLists                   0x08003205   Thumb Code    70  tasks.o(i.prvInitialiseTaskLists)
    i.prvInsertBlockIntoFreeList             0x0800326c   Section        0  heap_4.o(i.prvInsertBlockIntoFreeList)
    prvInsertBlockIntoFreeList               0x0800326d   Thumb Code    96  heap_4.o(i.prvInsertBlockIntoFreeList)
    i.prvInsertTimerInActiveList             0x080032d4   Section        0  timers.o(i.prvInsertTimerInActiveList)
    prvInsertTimerInActiveList               0x080032d5   Thumb Code    80  timers.o(i.prvInsertTimerInActiveList)
    i.prvIsQueueEmpty                        0x0800332c   Section        0  queue.o(i.prvIsQueueEmpty)
    prvIsQueueEmpty                          0x0800332d   Thumb Code    26  queue.o(i.prvIsQueueEmpty)
    i.prvProcessExpiredTimer                 0x08003348   Section        0  timers.o(i.prvProcessExpiredTimer)
    prvProcessExpiredTimer                   0x08003349   Thumb Code    62  timers.o(i.prvProcessExpiredTimer)
    i.prvProcessReceivedCommands             0x0800338c   Section        0  timers.o(i.prvProcessReceivedCommands)
    prvProcessReceivedCommands               0x0800338d   Thumb Code   280  timers.o(i.prvProcessReceivedCommands)
    i.prvProcessTimerOrBlockTask             0x080034a8   Section        0  timers.o(i.prvProcessTimerOrBlockTask)
    prvProcessTimerOrBlockTask               0x080034a9   Thumb Code   102  timers.o(i.prvProcessTimerOrBlockTask)
    i.prvReloadTimer                         0x0800351c   Section        0  timers.o(i.prvReloadTimer)
    prvReloadTimer                           0x0800351d   Thumb Code    40  timers.o(i.prvReloadTimer)
    i.prvResetNextTaskUnblockTime            0x08003544   Section        0  tasks.o(i.prvResetNextTaskUnblockTime)
    prvResetNextTaskUnblockTime              0x08003545   Thumb Code    40  tasks.o(i.prvResetNextTaskUnblockTime)
    i.prvSampleTimeNow                       0x08003574   Section        0  timers.o(i.prvSampleTimeNow)
    prvSampleTimeNow                         0x08003575   Thumb Code    40  timers.o(i.prvSampleTimeNow)
    i.prvSwitchTimerLists                    0x080035a0   Section        0  timers.o(i.prvSwitchTimerLists)
    prvSwitchTimerLists                      0x080035a1   Thumb Code    58  timers.o(i.prvSwitchTimerLists)
    i.prvTaskExitError                       0x080035e4   Section        0  port.o(i.prvTaskExitError)
    prvTaskExitError                         0x080035e5   Thumb Code    60  port.o(i.prvTaskExitError)
    i.prvTimerTask                           0x08003624   Section        0  timers.o(i.prvTimerTask)
    prvTimerTask                             0x08003625   Thumb Code    26  timers.o(i.prvTimerTask)
    i.prvUnlockQueue                         0x0800363e   Section        0  queue.o(i.prvUnlockQueue)
    prvUnlockQueue                           0x0800363f   Thumb Code   126  queue.o(i.prvUnlockQueue)
    i.pvPortMalloc                           0x080036bc   Section        0  heap_4.o(i.pvPortMalloc)
    i.pxPortInitialiseStack                  0x08003804   Section        0  port.o(i.pxPortInitialiseStack)
    i.rcu_clock_freq_get                     0x08003830   Section        0  gd32f4xx_rcu.o(i.rcu_clock_freq_get)
    i.rcu_periph_clock_enable                0x08003954   Section        0  gd32f4xx_rcu.o(i.rcu_periph_clock_enable)
    i.rcu_periph_reset_disable               0x08003978   Section        0  gd32f4xx_rcu.o(i.rcu_periph_reset_disable)
    i.rcu_periph_reset_enable                0x0800399c   Section        0  gd32f4xx_rcu.o(i.rcu_periph_reset_enable)
    i.setPWM                                 0x080039c0   Section        0  pca9685.o(i.setPWM)
    i.setPWM_off                             0x08003a12   Section        0  pca9685.o(i.setPWM_off)
    i.sht35_init                             0x08003a4c   Section        0  sht35.o(i.sht35_init)
    i.system_clock_200m_25m_hxtal            0x08003a70   Section        0  system_gd32f4xx.o(i.system_clock_200m_25m_hxtal)
    system_clock_200m_25m_hxtal              0x08003a71   Thumb Code   250  system_gd32f4xx.o(i.system_clock_200m_25m_hxtal)
    i.system_clock_config                    0x08003b78   Section        0  system_gd32f4xx.o(i.system_clock_config)
    system_clock_config                      0x08003b79   Thumb Code     8  system_gd32f4xx.o(i.system_clock_config)
    i.timer_interrupt_flag_clear             0x08003b80   Section        0  gd32f4xx_timer.o(i.timer_interrupt_flag_clear)
    i.timer_interrupt_flag_get               0x08003b86   Section        0  gd32f4xx_timer.o(i.timer_interrupt_flag_get)
    i.uart_init                              0x08003ba0   Section        0  uart.o(i.uart_init)
    i.usart_baudrate_set                     0x08003c44   Section        0  gd32f4xx_usart.o(i.usart_baudrate_set)
    i.usart_data_receive                     0x08003d2c   Section        0  gd32f4xx_usart.o(i.usart_data_receive)
    i.usart_deinit                           0x08003d38   Section        0  gd32f4xx_usart.o(i.usart_deinit)
    i.usart_enable                           0x08003e14   Section        0  gd32f4xx_usart.o(i.usart_enable)
    i.usart_interrupt_enable                 0x08003e1e   Section        0  gd32f4xx_usart.o(i.usart_interrupt_enable)
    i.usart_interrupt_flag_clear             0x08003e38   Section        0  gd32f4xx_usart.o(i.usart_interrupt_flag_clear)
    i.usart_interrupt_flag_get               0x08003e52   Section        0  gd32f4xx_usart.o(i.usart_interrupt_flag_get)
    i.usart_receive_config                   0x08003e8a   Section        0  gd32f4xx_usart.o(i.usart_receive_config)
    i.usart_transmit_config                  0x08003e9a   Section        0  gd32f4xx_usart.o(i.usart_transmit_config)
    i.uxListRemove                           0x08003eaa   Section        0  list.o(i.uxListRemove)
    i.vListInitialise                        0x08003ed2   Section        0  list.o(i.vListInitialise)
    i.vListInitialiseItem                    0x08003eec   Section        0  list.o(i.vListInitialiseItem)
    i.vListInsert                            0x08003ef2   Section        0  list.o(i.vListInsert)
    i.vListInsertEnd                         0x08003f26   Section        0  list.o(i.vListInsertEnd)
    i.vPortEnterCritical                     0x08003f40   Section        0  port.o(i.vPortEnterCritical)
    i.vPortExitCritical                      0x08003f94   Section        0  port.o(i.vPortExitCritical)
    i.vPortFree                              0x08003fd0   Section        0  heap_4.o(i.vPortFree)
    i.vPortSetupTimerInterrupt               0x0800405c   Section        0  port.o(i.vPortSetupTimerInterrupt)
    i.vQueueAddToRegistry                    0x08004084   Section        0  queue.o(i.vQueueAddToRegistry)
    i.vQueueWaitForMessageRestricted         0x080040e4   Section        0  queue.o(i.vQueueWaitForMessageRestricted)
    i.vTaskDelay                             0x08004130   Section        0  tasks.o(i.vTaskDelay)
    i.vTaskDelete                            0x0800418c   Section        0  tasks.o(i.vTaskDelete)
    i.vTaskInternalSetTimeOutState           0x0800428c   Section        0  tasks.o(i.vTaskInternalSetTimeOutState)
    i.vTaskMissedYield                       0x080042a4   Section        0  tasks.o(i.vTaskMissedYield)
    i.vTaskPlaceOnEventList                  0x080042b0   Section        0  tasks.o(i.vTaskPlaceOnEventList)
    i.vTaskPlaceOnEventListRestricted        0x080042e8   Section        0  tasks.o(i.vTaskPlaceOnEventListRestricted)
    i.vTaskStartScheduler                    0x08004350   Section        0  tasks.o(i.vTaskStartScheduler)
    i.vTaskSuspendAll                        0x080043ec   Section        0  tasks.o(i.vTaskSuspendAll)
    i.vTaskSwitchContext                     0x080043fc   Section        0  tasks.o(i.vTaskSwitchContext)
    i.xPortStartScheduler                    0x0800448c   Section        0  port.o(i.xPortStartScheduler)
    i.xQueueGenericCreate                    0x080045f4   Section        0  queue.o(i.xQueueGenericCreate)
    i.xQueueGenericReset                     0x0800465c   Section        0  queue.o(i.xQueueGenericReset)
    i.xQueueReceive                          0x08004738   Section        0  queue.o(i.xQueueReceive)
    i.xTaskCheckForTimeOut                   0x080048a0   Section        0  tasks.o(i.xTaskCheckForTimeOut)
    i.xTaskCreate                            0x08004930   Section        0  tasks.o(i.xTaskCreate)
    i.xTaskGetSchedulerState                 0x08004998   Section        0  tasks.o(i.xTaskGetSchedulerState)
    i.xTaskGetTickCount                      0x080049b8   Section        0  tasks.o(i.xTaskGetTickCount)
    i.xTaskIncrementTick                     0x080049c4   Section        0  tasks.o(i.xTaskIncrementTick)
    i.xTaskRemoveFromEventList               0x08004b90   Section        0  tasks.o(i.xTaskRemoveFromEventList)
    i.xTaskResumeAll                         0x08004cc0   Section        0  tasks.o(i.xTaskResumeAll)
    i.xTimerCreateTimerTask                  0x08004e50   Section        0  timers.o(i.xTimerCreateTimerTask)
    .constdata                               0x08004ea4   Section       20  ht16k33.o(.constdata)
    .data                                    0x20000000   Section        4  main.o(.data)
    .data                                    0x20000004   Section       22  i2c_ctl.o(.data)
    .data                                    0x2000001c   Section        4  system_gd32f4xx.o(.data)
    .data                                    0x20000020   Section       28  heap_4.o(.data)
    xStart                                   0x20000020   Data           8  heap_4.o(.data)
    pxEnd                                    0x20000028   Data           4  heap_4.o(.data)
    xFreeBytesRemaining                      0x2000002c   Data           4  heap_4.o(.data)
    xMinimumEverFreeBytesRemaining           0x20000030   Data           4  heap_4.o(.data)
    xNumberOfSuccessfulAllocations           0x20000034   Data           4  heap_4.o(.data)
    xNumberOfSuccessfulFrees                 0x20000038   Data           4  heap_4.o(.data)
    .data                                    0x2000003c   Section       12  port.o(.data)
    uxCriticalNesting                        0x2000003c   Data           4  port.o(.data)
    ucMaxSysCallPriority                     0x20000040   Data           1  port.o(.data)
    ulMaxPRIGROUPValue                       0x20000044   Data           4  port.o(.data)
    .data                                    0x20000048   Section       64  tasks.o(.data)
    pxDelayedTaskList                        0x2000004c   Data           4  tasks.o(.data)
    pxOverflowDelayedTaskList                0x20000050   Data           4  tasks.o(.data)
    uxDeletedTasksWaitingCleanUp             0x20000054   Data           4  tasks.o(.data)
    uxCurrentNumberOfTasks                   0x20000058   Data           4  tasks.o(.data)
    xTickCount                               0x2000005c   Data           4  tasks.o(.data)
    uxTopReadyPriority                       0x20000060   Data           4  tasks.o(.data)
    xSchedulerRunning                        0x20000064   Data           4  tasks.o(.data)
    xPendedTicks                             0x20000068   Data           4  tasks.o(.data)
    xYieldPending                            0x2000006c   Data           4  tasks.o(.data)
    xNumOfOverflows                          0x20000070   Data           4  tasks.o(.data)
    uxTaskNumber                             0x20000074   Data           4  tasks.o(.data)
    xNextTaskUnblockTime                     0x20000078   Data           4  tasks.o(.data)
    xIdleTaskHandle                          0x2000007c   Data           4  tasks.o(.data)
    uxSchedulerSuspended                     0x20000084   Data           4  tasks.o(.data)
    .data                                    0x20000088   Section       20  timers.o(.data)
    pxCurrentTimerList                       0x20000088   Data           4  timers.o(.data)
    pxOverflowTimerList                      0x2000008c   Data           4  timers.o(.data)
    xTimerQueue                              0x20000090   Data           4  timers.o(.data)
    xTimerTaskHandle                         0x20000094   Data           4  timers.o(.data)
    xLastTime                                0x20000098   Data           4  timers.o(.data)
    .data                                    0x2000009c   Section       32  ms523.o(.data)
    .data                                    0x200000bc   Section       97  gd32f450z_eval.o(.data)
    GPIO_PORT                                0x200000bc   Data          12  gd32f450z_eval.o(.data)
    GPIO_PIN                                 0x200000c8   Data          12  gd32f450z_eval.o(.data)
    COM_CLK                                  0x200000d4   Data           2  gd32f450z_eval.o(.data)
    COM_TX_PIN                               0x200000d8   Data           4  gd32f450z_eval.o(.data)
    COM_RX_PIN                               0x200000dc   Data           4  gd32f450z_eval.o(.data)
    GPIO_CLK                                 0x200000e0   Data           6  gd32f450z_eval.o(.data)
    KEY_PORT                                 0x200000e8   Data          12  gd32f450z_eval.o(.data)
    KEY_PIN                                  0x200000f4   Data          12  gd32f450z_eval.o(.data)
    KEY_CLK                                  0x20000100   Data           6  gd32f450z_eval.o(.data)
    KEY_EXTI_LINE                            0x20000108   Data          12  gd32f450z_eval.o(.data)
    KEY_PORT_SOURCE                          0x20000114   Data           3  gd32f450z_eval.o(.data)
    KEY_PIN_SOURCE                           0x20000117   Data           3  gd32f450z_eval.o(.data)
    KEY_IRQn                                 0x2000011a   Data           3  gd32f450z_eval.o(.data)
    .data                                    0x2000011e   Section        6  uart.o(.data)
    .data                                    0x20000124   Section        4  stdout.o(.data)
    .bss                                     0x20000128   Section    65540  debug.o(.bss)
    .bss                                     0x2001012c   Section      108  i2c_ctl.o(.bss)
    .bss                                     0x20010198   Section    30720  heap_4.o(.bss)
    ucHeap                                   0x20010198   Data       30720  heap_4.o(.bss)
    .bss                                     0x20017998   Section       64  queue.o(.bss)
    .bss                                     0x200179d8   Section      420  tasks.o(.bss)
    pxReadyTasksLists                        0x200179d8   Data         320  tasks.o(.bss)
    xDelayedTaskList1                        0x20017b18   Data          20  tasks.o(.bss)
    xDelayedTaskList2                        0x20017b2c   Data          20  tasks.o(.bss)
    xPendingReadyList                        0x20017b40   Data          20  tasks.o(.bss)
    xTasksWaitingTermination                 0x20017b54   Data          20  tasks.o(.bss)
    xSuspendedTaskList                       0x20017b68   Data          20  tasks.o(.bss)
    .bss                                     0x20017b7c   Section       40  timers.o(.bss)
    xActiveTimerList1                        0x20017b7c   Data          20  timers.o(.bss)
    xActiveTimerList2                        0x20017b90   Data          20  timers.o(.bss)
    .bss                                     0x20017ba4   Section       16  ms523.o(.bss)
    .bss                                     0x20017bb4   Section      512  uart.o(.bss)
    STACK                                    0x20017db8   Section     1024  startup_gd32f450_470.o(STACK)

    Global Symbols

    Symbol Name                              Value     Ov Type        Size  Object(Section)

    BuildAttributes$$THM_ISAv4$E$P$D$K$B$S$7EM$VFPi3$EXTD16$VFPS$VFMA$PE$A:L22UL41UL21$X:L11$S22US41US21$IEEE1$IW$USESV6$~STKCKD$USESV7$~SHL$OSPACE$ROPI$EBA8$MICROLIB$REQ8$PRES8$EABIv2 0x00000000   Number         0  anon$$obj.o ABSOLUTE
    __ARM_use_no_argv                        0x00000000   Number         0  main.o ABSOLUTE
    _printf_a                                0x00000000   Number         0  stubs.o ABSOLUTE
    _printf_c                                0x00000000   Number         0  stubs.o ABSOLUTE
    _printf_charcount                        0x00000000   Number         0  stubs.o ABSOLUTE
    _printf_d                                0x00000000   Number         0  stubs.o ABSOLUTE
    _printf_e                                0x00000000   Number         0  stubs.o ABSOLUTE
    _printf_f                                0x00000000   Number         0  stubs.o ABSOLUTE
    _printf_flags                            0x00000000   Number         0  stubs.o ABSOLUTE
    _printf_fp_dec                           0x00000000   Number         0  stubs.o ABSOLUTE
    _printf_fp_hex                           0x00000000   Number         0  stubs.o ABSOLUTE
    _printf_g                                0x00000000   Number         0  stubs.o ABSOLUTE
    _printf_i                                0x00000000   Number         0  stubs.o ABSOLUTE
    _printf_int_dec                          0x00000000   Number         0  stubs.o ABSOLUTE
    _printf_l                                0x00000000   Number         0  stubs.o ABSOLUTE
    _printf_lc                               0x00000000   Number         0  stubs.o ABSOLUTE
    _printf_ll                               0x00000000   Number         0  stubs.o ABSOLUTE
    _printf_lld                              0x00000000   Number         0  stubs.o ABSOLUTE
    _printf_lli                              0x00000000   Number         0  stubs.o ABSOLUTE
    _printf_llo                              0x00000000   Number         0  stubs.o ABSOLUTE
    _printf_llu                              0x00000000   Number         0  stubs.o ABSOLUTE
    _printf_llx                              0x00000000   Number         0  stubs.o ABSOLUTE
    _printf_longlong_dec                     0x00000000   Number         0  stubs.o ABSOLUTE
    _printf_longlong_hex                     0x00000000   Number         0  stubs.o ABSOLUTE
    _printf_longlong_oct                     0x00000000   Number         0  stubs.o ABSOLUTE
    _printf_ls                               0x00000000   Number         0  stubs.o ABSOLUTE
    _printf_mbtowc                           0x00000000   Number         0  stubs.o ABSOLUTE
    _printf_n                                0x00000000   Number         0  stubs.o ABSOLUTE
    _printf_o                                0x00000000   Number         0  stubs.o ABSOLUTE
    _printf_p                                0x00000000   Number         0  stubs.o ABSOLUTE
    _printf_percent                          0x00000000   Number         0  stubs.o ABSOLUTE
    _printf_pre_padding                      0x00000000   Number         0  stubs.o ABSOLUTE
    _printf_return_value                     0x00000000   Number         0  stubs.o ABSOLUTE
    _printf_s                                0x00000000   Number         0  stubs.o ABSOLUTE
    _printf_sizespec                         0x00000000   Number         0  stubs.o ABSOLUTE
    _printf_str                              0x00000000   Number         0  stubs.o ABSOLUTE
    _printf_truncate_signed                  0x00000000   Number         0  stubs.o ABSOLUTE
    _printf_truncate_unsigned                0x00000000   Number         0  stubs.o ABSOLUTE
    _printf_u                                0x00000000   Number         0  stubs.o ABSOLUTE
    _printf_wc                               0x00000000   Number         0  stubs.o ABSOLUTE
    _printf_wctomb                           0x00000000   Number         0  stubs.o ABSOLUTE
    _printf_widthprec                        0x00000000   Number         0  stubs.o ABSOLUTE
    _printf_x                                0x00000000   Number         0  stubs.o ABSOLUTE
    __arm_fini_                               - Undefined Weak Reference
    __cpp_initialize__aeabi_                  - Undefined Weak Reference
    __cxa_finalize                            - Undefined Weak Reference
    __decompress                              - Undefined Weak Reference
    _clock_init                               - Undefined Weak Reference
    _microlib_exit                            - Undefined Weak Reference
    __Vectors_Size                           0x000001ac   Number         0  startup_gd32f450_470.o ABSOLUTE
    __Vectors                                0x08000000   Data           4  startup_gd32f450_470.o(RESET)
    __Vectors_End                            0x080001ac   Data           0  startup_gd32f450_470.o(RESET)
    __main                                   0x080001ad   Thumb Code     0  entry.o(.ARM.Collect$$$$00000000)
    _main_stk                                0x080001ad   Thumb Code     0  entry2.o(.ARM.Collect$$$$00000001)
    _main_scatterload                        0x080001b1   Thumb Code     0  entry5.o(.ARM.Collect$$$$00000004)
    __main_after_scatterload                 0x080001b5   Thumb Code     0  entry5.o(.ARM.Collect$$$$00000004)
    _main_clock                              0x080001b5   Thumb Code     0  entry7b.o(.ARM.Collect$$$$00000008)
    _main_cpp_init                           0x080001b5   Thumb Code     0  entry8b.o(.ARM.Collect$$$$0000000A)
    _main_init                               0x080001b5   Thumb Code     0  entry9a.o(.ARM.Collect$$$$0000000B)
    __rt_lib_shutdown_fini                   0x080001bd   Thumb Code     0  entry12b.o(.ARM.Collect$$$$0000000E)
    __rt_final_cpp                           0x080001c1   Thumb Code     0  entry10a.o(.ARM.Collect$$$$0000000F)
    __rt_final_exit                          0x080001c1   Thumb Code     0  entry11a.o(.ARM.Collect$$$$00000011)
    SVC_Handler                              0x080001c5   Thumb Code    28  port.o(.emb_text)
    __asm___6_port_c_39a90d8d__prvStartFirstTask 0x080001e5   Thumb Code    36  port.o(.emb_text)
    __asm___6_port_c_39a90d8d__prvEnableVFP  0x0800020d   Thumb Code    16  port.o(.emb_text)
    PendSV_Handler                           0x08000221   Thumb Code    88  port.o(.emb_text)
    vPortGetIPSR                             0x0800027d   Thumb Code     6  port.o(.emb_text)
    Reset_Handler                            0x08000285   Thumb Code     8  startup_gd32f450_470.o(.text)
    NMI_Handler                              0x0800028d   Thumb Code     2  startup_gd32f450_470.o(.text)
    HardFault_Handler                        0x0800028f   Thumb Code     2  startup_gd32f450_470.o(.text)
    MemManage_Handler                        0x08000291   Thumb Code     2  startup_gd32f450_470.o(.text)
    BusFault_Handler                         0x08000293   Thumb Code     2  startup_gd32f450_470.o(.text)
    UsageFault_Handler                       0x08000295   Thumb Code     2  startup_gd32f450_470.o(.text)
    DebugMon_Handler                         0x08000299   Thumb Code     2  startup_gd32f450_470.o(.text)
    ADC_IRQHandler                           0x0800029f   Thumb Code     0  startup_gd32f450_470.o(.text)
    CAN0_EWMC_IRQHandler                     0x0800029f   Thumb Code     0  startup_gd32f450_470.o(.text)
    CAN0_RX0_IRQHandler                      0x0800029f   Thumb Code     0  startup_gd32f450_470.o(.text)
    CAN0_RX1_IRQHandler                      0x0800029f   Thumb Code     0  startup_gd32f450_470.o(.text)
    CAN0_TX_IRQHandler                       0x0800029f   Thumb Code     0  startup_gd32f450_470.o(.text)
    CAN1_EWMC_IRQHandler                     0x0800029f   Thumb Code     0  startup_gd32f450_470.o(.text)
    CAN1_RX0_IRQHandler                      0x0800029f   Thumb Code     0  startup_gd32f450_470.o(.text)
    CAN1_RX1_IRQHandler                      0x0800029f   Thumb Code     0  startup_gd32f450_470.o(.text)
    CAN1_TX_IRQHandler                       0x0800029f   Thumb Code     0  startup_gd32f450_470.o(.text)
    DCI_IRQHandler                           0x0800029f   Thumb Code     0  startup_gd32f450_470.o(.text)
    DMA0_Channel0_IRQHandler                 0x0800029f   Thumb Code     0  startup_gd32f450_470.o(.text)
    DMA0_Channel1_IRQHandler                 0x0800029f   Thumb Code     0  startup_gd32f450_470.o(.text)
    DMA0_Channel2_IRQHandler                 0x0800029f   Thumb Code     0  startup_gd32f450_470.o(.text)
    DMA0_Channel3_IRQHandler                 0x0800029f   Thumb Code     0  startup_gd32f450_470.o(.text)
    DMA0_Channel4_IRQHandler                 0x0800029f   Thumb Code     0  startup_gd32f450_470.o(.text)
    DMA0_Channel5_IRQHandler                 0x0800029f   Thumb Code     0  startup_gd32f450_470.o(.text)
    DMA0_Channel6_IRQHandler                 0x0800029f   Thumb Code     0  startup_gd32f450_470.o(.text)
    DMA0_Channel7_IRQHandler                 0x0800029f   Thumb Code     0  startup_gd32f450_470.o(.text)
    DMA1_Channel0_IRQHandler                 0x0800029f   Thumb Code     0  startup_gd32f450_470.o(.text)
    DMA1_Channel1_IRQHandler                 0x0800029f   Thumb Code     0  startup_gd32f450_470.o(.text)
    DMA1_Channel2_IRQHandler                 0x0800029f   Thumb Code     0  startup_gd32f450_470.o(.text)
    DMA1_Channel3_IRQHandler                 0x0800029f   Thumb Code     0  startup_gd32f450_470.o(.text)
    DMA1_Channel4_IRQHandler                 0x0800029f   Thumb Code     0  startup_gd32f450_470.o(.text)
    DMA1_Channel5_IRQHandler                 0x0800029f   Thumb Code     0  startup_gd32f450_470.o(.text)
    DMA1_Channel6_IRQHandler                 0x0800029f   Thumb Code     0  startup_gd32f450_470.o(.text)
    DMA1_Channel7_IRQHandler                 0x0800029f   Thumb Code     0  startup_gd32f450_470.o(.text)
    ENET_IRQHandler                          0x0800029f   Thumb Code     0  startup_gd32f450_470.o(.text)
    ENET_WKUP_IRQHandler                     0x0800029f   Thumb Code     0  startup_gd32f450_470.o(.text)
    EXMC_IRQHandler                          0x0800029f   Thumb Code     0  startup_gd32f450_470.o(.text)
    EXTI0_IRQHandler                         0x0800029f   Thumb Code     0  startup_gd32f450_470.o(.text)
    EXTI10_15_IRQHandler                     0x0800029f   Thumb Code     0  startup_gd32f450_470.o(.text)
    EXTI1_IRQHandler                         0x0800029f   Thumb Code     0  startup_gd32f450_470.o(.text)
    EXTI2_IRQHandler                         0x0800029f   Thumb Code     0  startup_gd32f450_470.o(.text)
    EXTI3_IRQHandler                         0x0800029f   Thumb Code     0  startup_gd32f450_470.o(.text)
    EXTI4_IRQHandler                         0x0800029f   Thumb Code     0  startup_gd32f450_470.o(.text)
    EXTI5_9_IRQHandler                       0x0800029f   Thumb Code     0  startup_gd32f450_470.o(.text)
    FMC_IRQHandler                           0x0800029f   Thumb Code     0  startup_gd32f450_470.o(.text)
    FPU_IRQHandler                           0x0800029f   Thumb Code     0  startup_gd32f450_470.o(.text)
    I2C0_ER_IRQHandler                       0x0800029f   Thumb Code     0  startup_gd32f450_470.o(.text)
    I2C0_EV_IRQHandler                       0x0800029f   Thumb Code     0  startup_gd32f450_470.o(.text)
    I2C1_ER_IRQHandler                       0x0800029f   Thumb Code     0  startup_gd32f450_470.o(.text)
    I2C1_EV_IRQHandler                       0x0800029f   Thumb Code     0  startup_gd32f450_470.o(.text)
    I2C2_ER_IRQHandler                       0x0800029f   Thumb Code     0  startup_gd32f450_470.o(.text)
    I2C2_EV_IRQHandler                       0x0800029f   Thumb Code     0  startup_gd32f450_470.o(.text)
    IPA_IRQHandler                           0x0800029f   Thumb Code     0  startup_gd32f450_470.o(.text)
    LVD_IRQHandler                           0x0800029f   Thumb Code     0  startup_gd32f450_470.o(.text)
    RCU_CTC_IRQHandler                       0x0800029f   Thumb Code     0  startup_gd32f450_470.o(.text)
    RTC_Alarm_IRQHandler                     0x0800029f   Thumb Code     0  startup_gd32f450_470.o(.text)
    RTC_WKUP_IRQHandler                      0x0800029f   Thumb Code     0  startup_gd32f450_470.o(.text)
    SDIO_IRQHandler                          0x0800029f   Thumb Code     0  startup_gd32f450_470.o(.text)
    SPI0_IRQHandler                          0x0800029f   Thumb Code     0  startup_gd32f450_470.o(.text)
    SPI1_IRQHandler                          0x0800029f   Thumb Code     0  startup_gd32f450_470.o(.text)
    SPI2_IRQHandler                          0x0800029f   Thumb Code     0  startup_gd32f450_470.o(.text)
    SPI3_IRQHandler                          0x0800029f   Thumb Code     0  startup_gd32f450_470.o(.text)
    SPI4_IRQHandler                          0x0800029f   Thumb Code     0  startup_gd32f450_470.o(.text)
    SPI5_IRQHandler                          0x0800029f   Thumb Code     0  startup_gd32f450_470.o(.text)
    TAMPER_STAMP_IRQHandler                  0x0800029f   Thumb Code     0  startup_gd32f450_470.o(.text)
    TIMER0_BRK_TIMER8_IRQHandler             0x0800029f   Thumb Code     0  startup_gd32f450_470.o(.text)
    TIMER0_Channel_IRQHandler                0x0800029f   Thumb Code     0  startup_gd32f450_470.o(.text)
    TIMER0_TRG_CMT_TIMER10_IRQHandler        0x0800029f   Thumb Code     0  startup_gd32f450_470.o(.text)
    TIMER0_UP_TIMER9_IRQHandler              0x0800029f   Thumb Code     0  startup_gd32f450_470.o(.text)
    TIMER1_IRQHandler                        0x0800029f   Thumb Code     0  startup_gd32f450_470.o(.text)
    TIMER2_IRQHandler                        0x0800029f   Thumb Code     0  startup_gd32f450_470.o(.text)
    TIMER4_IRQHandler                        0x0800029f   Thumb Code     0  startup_gd32f450_470.o(.text)
    TIMER5_DAC_IRQHandler                    0x0800029f   Thumb Code     0  startup_gd32f450_470.o(.text)
    TIMER6_IRQHandler                        0x0800029f   Thumb Code     0  startup_gd32f450_470.o(.text)
    TIMER7_BRK_TIMER11_IRQHandler            0x0800029f   Thumb Code     0  startup_gd32f450_470.o(.text)
    TIMER7_Channel_IRQHandler                0x0800029f   Thumb Code     0  startup_gd32f450_470.o(.text)
    TIMER7_TRG_CMT_TIMER13_IRQHandler        0x0800029f   Thumb Code     0  startup_gd32f450_470.o(.text)
    TIMER7_UP_TIMER12_IRQHandler             0x0800029f   Thumb Code     0  startup_gd32f450_470.o(.text)
    TLI_ER_IRQHandler                        0x0800029f   Thumb Code     0  startup_gd32f450_470.o(.text)
    TLI_IRQHandler                           0x0800029f   Thumb Code     0  startup_gd32f450_470.o(.text)
    TRNG_IRQHandler                          0x0800029f   Thumb Code     0  startup_gd32f450_470.o(.text)
    UART3_IRQHandler                         0x0800029f   Thumb Code     0  startup_gd32f450_470.o(.text)
    UART4_IRQHandler                         0x0800029f   Thumb Code     0  startup_gd32f450_470.o(.text)
    UART6_IRQHandler                         0x0800029f   Thumb Code     0  startup_gd32f450_470.o(.text)
    UART7_IRQHandler                         0x0800029f   Thumb Code     0  startup_gd32f450_470.o(.text)
    USART1_IRQHandler                        0x0800029f   Thumb Code     0  startup_gd32f450_470.o(.text)
    USART2_IRQHandler                        0x0800029f   Thumb Code     0  startup_gd32f450_470.o(.text)
    USART5_IRQHandler                        0x0800029f   Thumb Code     0  startup_gd32f450_470.o(.text)
    USBFS_IRQHandler                         0x0800029f   Thumb Code     0  startup_gd32f450_470.o(.text)
    USBFS_WKUP_IRQHandler                    0x0800029f   Thumb Code     0  startup_gd32f450_470.o(.text)
    USBHS_EP1_In_IRQHandler                  0x0800029f   Thumb Code     0  startup_gd32f450_470.o(.text)
    USBHS_EP1_Out_IRQHandler                 0x0800029f   Thumb Code     0  startup_gd32f450_470.o(.text)
    USBHS_IRQHandler                         0x0800029f   Thumb Code     0  startup_gd32f450_470.o(.text)
    USBHS_WKUP_IRQHandler                    0x0800029f   Thumb Code     0  startup_gd32f450_470.o(.text)
    WWDGT_IRQHandler                         0x0800029f   Thumb Code     0  startup_gd32f450_470.o(.text)
    __aeabi_memcpy                           0x080002a9   Thumb Code    36  memcpya.o(.text)
    __aeabi_memcpy4                          0x080002a9   Thumb Code     0  memcpya.o(.text)
    __aeabi_memcpy8                          0x080002a9   Thumb Code     0  memcpya.o(.text)
    __aeabi_memset                           0x080002cd   Thumb Code    14  memseta.o(.text)
    __aeabi_memset4                          0x080002cd   Thumb Code     0  memseta.o(.text)
    __aeabi_memset8                          0x080002cd   Thumb Code     0  memseta.o(.text)
    __aeabi_memclr                           0x080002db   Thumb Code     4  memseta.o(.text)
    __aeabi_memclr4                          0x080002db   Thumb Code     0  memseta.o(.text)
    __aeabi_memclr8                          0x080002db   Thumb Code     0  memseta.o(.text)
    memset                                   0x080002df   Thumb Code    18  memseta.o(.text)
    __aeabi_uldivmod                         0x080002f1   Thumb Code    98  uldiv.o(.text)
    __scatterload                            0x08000355   Thumb Code    28  init.o(.text)
    __scatterload_rt2                        0x08000355   Thumb Code     0  init.o(.text)
    __aeabi_llsl                             0x08000379   Thumb Code    30  llshl.o(.text)
    _ll_shift_l                              0x08000379   Thumb Code     0  llshl.o(.text)
    __aeabi_llsr                             0x08000397   Thumb Code    32  llushr.o(.text)
    _ll_ushift_r                             0x08000397   Thumb Code     0  llushr.o(.text)
    CalulateCRC                              0x080003b7   Thumb Code   150  ms523.o(i.CalulateCRC)
    ClearBitMask                             0x0800044d   Thumb Code    54  ms523.o(i.ClearBitMask)
    LED_display                              0x08000485   Thumb Code   234  i2c_ctl.o(i.LED_display)
    M500PcdConfigISOType                     0x08000575   Thumb Code   136  ms523.o(i.M500PcdConfigISOType)
    MFRC522_Init                             0x080005fd   Thumb Code    50  ms523.o(i.MFRC522_Init)
    MFRC_Delay                               0x0800062f   Thumb Code    26  ms523.o(i.MFRC_Delay)
    MS523_Connect                            0x08000649   Thumb Code   200  ms523.o(i.MS523_Connect)
    MS523_Decrement                          0x08000849   Thumb Code   126  ms523.o(i.MS523_Decrement)
    PcdAntennaOff                            0x080008d1   Thumb Code    20  ms523.o(i.PcdAntennaOff)
    PcdAntennaOn                             0x080008e5   Thumb Code    46  ms523.o(i.PcdAntennaOn)
    PcdAnticoll                              0x08000913   Thumb Code   144  ms523.o(i.PcdAnticoll)
    PcdAuthState                             0x080009a3   Thumb Code   136  ms523.o(i.PcdAuthState)
    PcdComMS523                              0x08000a2b   Thumb Code   420  ms523.o(i.PcdComMS523)
    PcdHalt                                  0x08000bcf   Thumb Code    68  ms523.o(i.PcdHalt)
    PcdRead                                  0x08000c13   Thumb Code   108  ms523.o(i.PcdRead)
    PcdRequest                               0x08000c7f   Thumb Code   114  ms523.o(i.PcdRequest)
    PcdReset                                 0x08000cf1   Thumb Code   124  ms523.o(i.PcdReset)
    PcdSelect                                0x08000d6d   Thumb Code   142  ms523.o(i.PcdSelect)
    PcdValue                                 0x08000dfb   Thumb Code   242  ms523.o(i.PcdValue)
    SetBitMask                               0x08000eed   Thumb Code    54  ms523.o(i.SetBitMask)
    SysTick_Handler                          0x08000f25   Thumb Code    46  port.o(i.SysTick_Handler)
    SystemInit                               0x08000f59   Thumb Code   194  system_gd32f4xx.o(i.SystemInit)
    TIMER3_IRQHandler                        0x0800102d   Thumb Code    60  uart.o(i.TIMER3_IRQHandler)
    USART0_IRQHandler                        0x08001075   Thumb Code   112  uart.o(i.USART0_IRQHandler)
    __0printf$8                              0x08001101   Thumb Code    22  printf8.o(i.__0printf$8)
    __1printf$8                              0x08001101   Thumb Code     0  printf8.o(i.__0printf$8)
    __2printf                                0x08001101   Thumb Code     0  printf8.o(i.__0printf$8)
    __scatterload_copy                       0x08001121   Thumb Code    14  handlers.o(i.__scatterload_copy)
    __scatterload_null                       0x0800112f   Thumb Code     2  handlers.o(i.__scatterload_null)
    __scatterload_zeroinit                   0x08001131   Thumb Code    14  handlers.o(i.__scatterload_zeroinit)
    bh1750_init                              0x08001597   Thumb Code    18  bh1750.o(i.bh1750_init)
    check_human                              0x080015a9   Thumb Code    40  i2c_ctl.o(i.check_human)
    curtain_close                            0x080015d5   Thumb Code    70  i2c_ctl.o(i.curtain_close)
    curtain_open                             0x08001629   Thumb Code    68  i2c_ctl.o(i.curtain_open)
    e3_curtain_init                          0x08001679   Thumb Code   152  i2c_ctl.o(i.e3_curtain_init)
    fputc                                    0x08001721   Thumb Code    18  debug.o(i.fputc)
    gd_eval_com_init                         0x08001735   Thumb Code   164  gd32f450z_eval.o(i.gd_eval_com_init)
    gd_eval_led_init                         0x080017ed   Thumb Code    70  gd32f450z_eval.o(i.gd_eval_led_init)
    gpio_af_set                              0x08001841   Thumb Code    94  gd32f4xx_gpio.o(i.gpio_af_set)
    gpio_mode_set                            0x0800189f   Thumb Code    78  gd32f4xx_gpio.o(i.gpio_mode_set)
    gpio_output_options_set                  0x080018ed   Thumb Code    66  gd32f4xx_gpio.o(i.gpio_output_options_set)
    ht16k33_display_data                     0x08001931   Thumb Code   190  ht16k33.o(i.ht16k33_display_data)
    ht16k33_display_off                      0x080019f5   Thumb Code   114  ht16k33.o(i.ht16k33_display_off)
    ht16k33_init                             0x08001a67   Thumb Code    26  ht16k33.o(i.ht16k33_init)
    i2c0_config                              0x08001a81   Thumb Code    50  i2c.o(i.i2c0_config)
    i2c0_gpio_config                         0x08001abd   Thumb Code    92  i2c.o(i.i2c0_gpio_config)
    i2c1_config                              0x08001b1d   Thumb Code    50  i2c.o(i.i2c1_config)
    i2c1_gpio_config                         0x08001b59   Thumb Code    80  i2c.o(i.i2c1_gpio_config)
    i2c_ack_config                           0x08001bb1   Thumb Code    16  gd32f4xx_i2c.o(i.i2c_ack_config)
    i2c_ackpos_config                        0x08001bc1   Thumb Code    16  gd32f4xx_i2c.o(i.i2c_ackpos_config)
    i2c_addr_init                            0x08001bd1   Thumb Code  1846  i2c_ctl.o(i.i2c_addr_init)
    i2c_addr_poll                            0x080023a9   Thumb Code   130  i2c.o(i.i2c_addr_poll)
    i2c_bath_task                            0x0800242d   Thumb Code    32  main.o(i.i2c_bath_task)
    i2c_byte_write                           0x0800245d   Thumb Code   196  i2c.o(i.i2c_byte_write)
    i2c_clock_config                         0x08002521   Thumb Code   216  gd32f4xx_i2c.o(i.i2c_clock_config)
    i2c_cmd_write                            0x08002605   Thumb Code   170  i2c.o(i.i2c_cmd_write)
    i2c_data_receive                         0x080026af   Thumb Code     8  gd32f4xx_i2c.o(i.i2c_data_receive)
    i2c_data_transmit                        0x080026b7   Thumb Code     6  gd32f4xx_i2c.o(i.i2c_data_transmit)
    i2c_enable                               0x080026bd   Thumb Code    10  gd32f4xx_i2c.o(i.i2c_enable)
    i2c_flag_clear                           0x080026c7   Thumb Code    40  gd32f4xx_i2c.o(i.i2c_flag_clear)
    i2c_flag_get                             0x080026ef   Thumb Code    30  gd32f4xx_i2c.o(i.i2c_flag_get)
    i2c_master_addressing                    0x0800270d   Thumb Code    20  gd32f4xx_i2c.o(i.i2c_master_addressing)
    i2c_mode_addr_config                     0x08002721   Thumb Code    28  gd32f4xx_i2c.o(i.i2c_mode_addr_config)
    i2c_read                                 0x0800273d   Thumb Code   384  i2c.o(i.i2c_read)
    i2c_start_on_bus                         0x080028bd   Thumb Code    10  gd32f4xx_i2c.o(i.i2c_start_on_bus)
    i2c_stop_on_bus                          0x080028c7   Thumb Code    10  gd32f4xx_i2c.o(i.i2c_stop_on_bus)
    i2c_write                                0x080028d1   Thumb Code   218  i2c.o(i.i2c_write)
    init_task                                0x080029ad   Thumb Code    88  main.o(i.init_task)
    main                                     0x08002a21   Thumb Code    30  main.o(i.main)
    nfc_bath                                 0x08002a51   Thumb Code   226  i2c_ctl.o(i.nfc_bath)
    nfc_bath_task                            0x08002b59   Thumb Code    16  main.o(i.nfc_bath_task)
    nvic_irq_enable                          0x08002b69   Thumb Code   186  gd32f4xx_misc.o(i.nvic_irq_enable)
    nvic_priority_group_set                  0x08002c2d   Thumb Code    10  gd32f4xx_misc.o(i.nvic_priority_group_set)
    pc9685_init                              0x08002c41   Thumb Code    28  pca9685.o(i.pc9685_init)
    pc9685_rgb_led_control                   0x08002c5d   Thumb Code   214  i2c_ctl.o(i.pc9685_rgb_led_control)
    pca9557_ir_init                          0x08002d33   Thumb Code    32  pca9557.o(i.pca9557_ir_init)
    pca9557_ir_read                          0x08002d53   Thumb Code    36  pca9557.o(i.pca9557_ir_read)
    print_buf_putchar                        0x08002d79   Thumb Code    46  debug.o(i.print_buf_putchar)
    pvPortMalloc                             0x080036bd   Thumb Code   306  heap_4.o(i.pvPortMalloc)
    pxPortInitialiseStack                    0x08003805   Thumb Code    38  port.o(i.pxPortInitialiseStack)
    rcu_clock_freq_get                       0x08003831   Thumb Code   264  gd32f4xx_rcu.o(i.rcu_clock_freq_get)
    rcu_periph_clock_enable                  0x08003955   Thumb Code    32  gd32f4xx_rcu.o(i.rcu_periph_clock_enable)
    rcu_periph_reset_disable                 0x08003979   Thumb Code    32  gd32f4xx_rcu.o(i.rcu_periph_reset_disable)
    rcu_periph_reset_enable                  0x0800399d   Thumb Code    32  gd32f4xx_rcu.o(i.rcu_periph_reset_enable)
    setPWM                                   0x080039c1   Thumb Code    82  pca9685.o(i.setPWM)
    setPWM_off                               0x08003a13   Thumb Code    56  pca9685.o(i.setPWM_off)
    sht35_init                               0x08003a4d   Thumb Code    30  sht35.o(i.sht35_init)
    timer_interrupt_flag_clear               0x08003b81   Thumb Code     6  gd32f4xx_timer.o(i.timer_interrupt_flag_clear)
    timer_interrupt_flag_get                 0x08003b87   Thumb Code    24  gd32f4xx_timer.o(i.timer_interrupt_flag_get)
    uart_init                                0x08003ba1   Thumb Code   156  uart.o(i.uart_init)
    usart_baudrate_set                       0x08003c45   Thumb Code   224  gd32f4xx_usart.o(i.usart_baudrate_set)
    usart_data_receive                       0x08003d2d   Thumb Code    10  gd32f4xx_usart.o(i.usart_data_receive)
    usart_deinit                             0x08003d39   Thumb Code   210  gd32f4xx_usart.o(i.usart_deinit)
    usart_enable                             0x08003e15   Thumb Code    10  gd32f4xx_usart.o(i.usart_enable)
    usart_interrupt_enable                   0x08003e1f   Thumb Code    26  gd32f4xx_usart.o(i.usart_interrupt_enable)
    usart_interrupt_flag_clear               0x08003e39   Thumb Code    26  gd32f4xx_usart.o(i.usart_interrupt_flag_clear)
    usart_interrupt_flag_get                 0x08003e53   Thumb Code    56  gd32f4xx_usart.o(i.usart_interrupt_flag_get)
    usart_receive_config                     0x08003e8b   Thumb Code    16  gd32f4xx_usart.o(i.usart_receive_config)
    usart_transmit_config                    0x08003e9b   Thumb Code    16  gd32f4xx_usart.o(i.usart_transmit_config)
    uxListRemove                             0x08003eab   Thumb Code    40  list.o(i.uxListRemove)
    vListInitialise                          0x08003ed3   Thumb Code    26  list.o(i.vListInitialise)
    vListInitialiseItem                      0x08003eed   Thumb Code     6  list.o(i.vListInitialiseItem)
    vListInsert                              0x08003ef3   Thumb Code    52  list.o(i.vListInsert)
    vListInsertEnd                           0x08003f27   Thumb Code    24  list.o(i.vListInsertEnd)
    vPortEnterCritical                       0x08003f41   Thumb Code    76  port.o(i.vPortEnterCritical)
    vPortExitCritical                        0x08003f95   Thumb Code    56  port.o(i.vPortExitCritical)
    vPortFree                                0x08003fd1   Thumb Code   132  heap_4.o(i.vPortFree)
    vPortSetupTimerInterrupt                 0x0800405d   Thumb Code    36  port.o(i.vPortSetupTimerInterrupt)
    vQueueAddToRegistry                      0x08004085   Thumb Code    90  queue.o(i.vQueueAddToRegistry)
    vQueueWaitForMessageRestricted           0x080040e5   Thumb Code    74  queue.o(i.vQueueWaitForMessageRestricted)
    vTaskDelay                               0x08004131   Thumb Code    82  tasks.o(i.vTaskDelay)
    vTaskDelete                              0x0800418d   Thumb Code   214  tasks.o(i.vTaskDelete)
    vTaskInternalSetTimeOutState             0x0800428d   Thumb Code    14  tasks.o(i.vTaskInternalSetTimeOutState)
    vTaskMissedYield                         0x080042a5   Thumb Code     8  tasks.o(i.vTaskMissedYield)
    vTaskPlaceOnEventList                    0x080042b1   Thumb Code    52  tasks.o(i.vTaskPlaceOnEventList)
    vTaskPlaceOnEventListRestricted          0x080042e9   Thumb Code    98  tasks.o(i.vTaskPlaceOnEventListRestricted)
    vTaskStartScheduler                      0x08004351   Thumb Code   124  tasks.o(i.vTaskStartScheduler)
    vTaskSuspendAll                          0x080043ed   Thumb Code    12  tasks.o(i.vTaskSuspendAll)
    vTaskSwitchContext                       0x080043fd   Thumb Code   122  tasks.o(i.vTaskSwitchContext)
    xPortStartScheduler                      0x0800448d   Thumb Code   330  port.o(i.xPortStartScheduler)
    xQueueGenericCreate                      0x080045f5   Thumb Code   102  queue.o(i.xQueueGenericCreate)
    xQueueGenericReset                       0x0800465d   Thumb Code   214  queue.o(i.xQueueGenericReset)
    xQueueReceive                            0x08004739   Thumb Code   356  queue.o(i.xQueueReceive)
    xTaskCheckForTimeOut                     0x080048a1   Thumb Code   136  tasks.o(i.xTaskCheckForTimeOut)
    xTaskCreate                              0x08004931   Thumb Code   104  tasks.o(i.xTaskCreate)
    xTaskGetSchedulerState                   0x08004999   Thumb Code    24  tasks.o(i.xTaskGetSchedulerState)
    xTaskGetTickCount                        0x080049b9   Thumb Code     6  tasks.o(i.xTaskGetTickCount)
    xTaskIncrementTick                       0x080049c5   Thumb Code   414  tasks.o(i.xTaskIncrementTick)
    xTaskRemoveFromEventList                 0x08004b91   Thumb Code   280  tasks.o(i.xTaskRemoveFromEventList)
    xTaskResumeAll                           0x08004cc1   Thumb Code   362  tasks.o(i.xTaskResumeAll)
    xTimerCreateTimerTask                    0x08004e51   Thumb Code    64  timers.o(i.xTimerCreateTimerTask)
    disdata                                  0x08004ea4   Data          20  ht16k33.o(.constdata)
    Region$$Table$$Base                      0x08004eb8   Number         0  anon$$obj.o(Region$$Table)
    Region$$Table$$Limit                     0x08004ed8   Number         0  anon$$obj.o(Region$$Table)
    InitTask_Handler                         0x20000000   Data           4  main.o(.data)
    isCurtainClose                           0x20000004   Data           4  i2c_ctl.o(.data)
    isBath                                   0x20000008   Data           4  i2c_ctl.o(.data)
    nfc_wallet_value                         0x2000000c   Data           4  i2c_ctl.o(.data)
    existHuman                               0x20000010   Data           4  i2c_ctl.o(.data)
    curtain_sts                              0x20000014   Data           1  i2c_ctl.o(.data)
    curtain_ctl_flag                         0x20000015   Data           1  i2c_ctl.o(.data)
    curtain_ctl                              0x20000016   Data           1  i2c_ctl.o(.data)
    photo_sw_sts                             0x20000017   Data           1  i2c_ctl.o(.data)
    mode                                     0x20000018   Data           1  i2c_ctl.o(.data)
    curtain_run_sts                          0x20000019   Data           1  i2c_ctl.o(.data)
    SystemCoreClock                          0x2000001c   Data           4  system_gd32f4xx.o(.data)
    pxCurrentTCB                             0x20000048   Data           4  tasks.o(.data)
    uxTopUsedPriority                        0x20000080   Data           4  tasks.o(.data)
    Type                                     0x2000009c   Data           2  ms523.o(.data)
    Cardnum                                  0x2000009e   Data           4  ms523.o(.data)
    PS                                       0x200000a2   Data           6  ms523.o(.data)
    RFID1                                    0x200000a8   Data          16  ms523.o(.data)
    decrement                                0x200000b8   Data           4  ms523.o(.data)
    Recv_lenth                               0x2000011e   Data           1  uart.o(.data)
    recv_Flag                                0x2000011f   Data           1  uart.o(.data)
    recv_cnt                                 0x20000120   Data           1  uart.o(.data)
    recv_time_out                            0x20000122   Data           2  uart.o(.data)
    __stdout                                 0x20000124   Data           4  stdout.o(.data)
    stdio_print_buf                          0x20000128   Data       65540  debug.o(.bss)
    e1_nixie_tube_addr                       0x2001012c   Data          12  i2c_ctl.o(.bss)
    e1_rgb_led_addr                          0x20010138   Data          12  i2c_ctl.o(.bss)
    e3_curtain_addr                          0x20010144   Data          12  i2c_ctl.o(.bss)
    s1_key_addr                              0x20010150   Data          12  i2c_ctl.o(.bss)
    s2_lux_addr                              0x2001015c   Data          12  i2c_ctl.o(.bss)
    s2_humiture_addr                         0x20010168   Data          12  i2c_ctl.o(.bss)
    s2_axis_addr                             0x20010174   Data          12  i2c_ctl.o(.bss)
    s5_nfc_addr                              0x20010180   Data          12  i2c_ctl.o(.bss)
    s7_ir_addr                               0x2001018c   Data          12  i2c_ctl.o(.bss)
    xQueueRegistry                           0x20017998   Data          64  queue.o(.bss)
    RdVal                                    0x20017ba4   Data          16  ms523.o(.bss)
    Recv_data_buffer                         0x20017bb4   Data         512  uart.o(.bss)
    __initial_sp                             0x200181b8   Data           0  startup_gd32f450_470.o(STACK)



==============================================================================

Memory Map of the image

  Image Entry point : 0x080001ad

  Load Region LR_IROM1 (Base: 0x08000000, Size: 0x00005000, Max: 0x00300000, ABSOLUTE)

    Execution Region ER_IROM1 (Exec base: 0x08000000, Load base: 0x08000000, Size: 0x00004ed8, Max: 0x00300000, ABSOLUTE)

    Exec Addr    Load Addr    Size         Type   Attr      Idx    E Section Name        Object

    0x08000000   0x08000000   0x000001ac   Data   RO         5953    RESET               startup_gd32f450_470.o
    0x080001ac   0x080001ac   0x00000000   Code   RO         7708  * .ARM.Collect$$$$00000000  mc_w.l(entry.o)
    0x080001ac   0x080001ac   0x00000004   Code   RO         7980    .ARM.Collect$$$$00000001  mc_w.l(entry2.o)
    0x080001b0   0x080001b0   0x00000004   Code   RO         7983    .ARM.Collect$$$$00000004  mc_w.l(entry5.o)
    0x080001b4   0x080001b4   0x00000000   Code   RO         7985    .ARM.Collect$$$$00000008  mc_w.l(entry7b.o)
    0x080001b4   0x080001b4   0x00000000   Code   RO         7987    .ARM.Collect$$$$0000000A  mc_w.l(entry8b.o)
    0x080001b4   0x080001b4   0x00000008   Code   RO         7988    .ARM.Collect$$$$0000000B  mc_w.l(entry9a.o)
    0x080001bc   0x080001bc   0x00000004   Code   RO         7995    .ARM.Collect$$$$0000000E  mc_w.l(entry12b.o)
    0x080001c0   0x080001c0   0x00000000   Code   RO         7990    .ARM.Collect$$$$0000000F  mc_w.l(entry10a.o)
    0x080001c0   0x080001c0   0x00000000   Code   RO         7992    .ARM.Collect$$$$00000011  mc_w.l(entry11a.o)
    0x080001c0   0x080001c0   0x00000004   Code   RO         7981    .ARM.Collect$$$$00002712  mc_w.l(entry2.o)
    0x080001c4   0x080001c4   0x000000be   Code   RO         6034    .emb_text           port.o
    0x08000282   0x08000282   0x00000002   PAD
    0x08000284   0x08000284   0x00000024   Code   RO         5954    .text               startup_gd32f450_470.o
    0x080002a8   0x080002a8   0x00000024   Code   RO         7711    .text               mc_w.l(memcpya.o)
    0x080002cc   0x080002cc   0x00000024   Code   RO         7715    .text               mc_w.l(memseta.o)
    0x080002f0   0x080002f0   0x00000062   Code   RO         7999    .text               mc_w.l(uldiv.o)
    0x08000352   0x08000352   0x00000002   PAD
    0x08000354   0x08000354   0x00000024   Code   RO         8012    .text               mc_w.l(init.o)
    0x08000378   0x08000378   0x0000001e   Code   RO         8014    .text               mc_w.l(llshl.o)
    0x08000396   0x08000396   0x00000020   Code   RO         8016    .text               mc_w.l(llushr.o)
    0x080003b6   0x080003b6   0x00000096   Code   RO         7308    i.CalulateCRC       ms523.o
    0x0800044c   0x0800044c   0x00000036   Code   RO         7309    i.ClearBitMask      ms523.o
    0x08000482   0x08000482   0x00000002   PAD
    0x08000484   0x08000484   0x000000f0   Code   RO          291    i.LED_display       i2c_ctl.o
    0x08000574   0x08000574   0x00000088   Code   RO         7310    i.M500PcdConfigISOType  ms523.o
    0x080005fc   0x080005fc   0x00000032   Code   RO         7311    i.MFRC522_Init      ms523.o
    0x0800062e   0x0800062e   0x0000001a   Code   RO         7312    i.MFRC_Delay        ms523.o
    0x08000648   0x08000648   0x00000200   Code   RO         7313    i.MS523_Connect     ms523.o
    0x08000848   0x08000848   0x00000088   Code   RO         7315    i.MS523_Decrement   ms523.o
    0x080008d0   0x080008d0   0x00000014   Code   RO         7317    i.PcdAntennaOff     ms523.o
    0x080008e4   0x080008e4   0x0000002e   Code   RO         7318    i.PcdAntennaOn      ms523.o
    0x08000912   0x08000912   0x00000090   Code   RO         7319    i.PcdAnticoll       ms523.o
    0x080009a2   0x080009a2   0x00000088   Code   RO         7320    i.PcdAuthState      ms523.o
    0x08000a2a   0x08000a2a   0x000001a4   Code   RO         7322    i.PcdComMS523       ms523.o
    0x08000bce   0x08000bce   0x00000044   Code   RO         7323    i.PcdHalt           ms523.o
    0x08000c12   0x08000c12   0x0000006c   Code   RO         7324    i.PcdRead           ms523.o
    0x08000c7e   0x08000c7e   0x00000072   Code   RO         7325    i.PcdRequest        ms523.o
    0x08000cf0   0x08000cf0   0x0000007c   Code   RO         7326    i.PcdReset          ms523.o
    0x08000d6c   0x08000d6c   0x0000008e   Code   RO         7327    i.PcdSelect         ms523.o
    0x08000dfa   0x08000dfa   0x000000f2   Code   RO         7328    i.PcdValue          ms523.o
    0x08000eec   0x08000eec   0x00000036   Code   RO         7330    i.SetBitMask        ms523.o
    0x08000f22   0x08000f22   0x00000002   PAD
    0x08000f24   0x08000f24   0x00000034   Code   RO         6035    i.SysTick_Handler   port.o
    0x08000f58   0x08000f58   0x000000d4   Code   RO         5915    i.SystemInit        system_gd32f4xx.o
    0x0800102c   0x0800102c   0x00000048   Code   RO         7621    i.TIMER3_IRQHandler  uart.o
    0x08001074   0x08001074   0x0000008c   Code   RO         7622    i.USART0_IRQHandler  uart.o
    0x08001100   0x08001100   0x00000020   Code   RO         7926    i.__0printf$8       mc_w.l(printf8.o)
    0x08001120   0x08001120   0x0000000e   Code   RO         8024    i.__scatterload_copy  mc_w.l(handlers.o)
    0x0800112e   0x0800112e   0x00000002   Code   RO         8025    i.__scatterload_null  mc_w.l(handlers.o)
    0x08001130   0x08001130   0x0000000e   Code   RO         8026    i.__scatterload_zeroinit  mc_w.l(handlers.o)
    0x0800113e   0x0800113e   0x00000002   PAD
    0x08001140   0x08001140   0x00000404   Code   RO         7933    i._printf_core      mc_w.l(printf8.o)
    0x08001544   0x08001544   0x00000024   Code   RO         7934    i._printf_post_padding  mc_w.l(printf8.o)
    0x08001568   0x08001568   0x0000002e   Code   RO         7935    i._printf_pre_padding  mc_w.l(printf8.o)
    0x08001596   0x08001596   0x00000012   Code   RO         7490    i.bh1750_init       bh1750.o
    0x080015a8   0x080015a8   0x0000002c   Code   RO          292    i.check_human       i2c_ctl.o
    0x080015d4   0x080015d4   0x00000054   Code   RO          293    i.curtain_close     i2c_ctl.o
    0x08001628   0x08001628   0x00000050   Code   RO          294    i.curtain_open      i2c_ctl.o
    0x08001678   0x08001678   0x000000a8   Code   RO          295    i.e3_curtain_init   i2c_ctl.o
    0x08001720   0x08001720   0x00000012   Code   RO          248    i.fputc             debug.o
    0x08001732   0x08001732   0x00000002   PAD
    0x08001734   0x08001734   0x000000b8   Code   RO         7522    i.gd_eval_com_init  gd32f450z_eval.o
    0x080017ec   0x080017ec   0x00000054   Code   RO         7525    i.gd_eval_led_init  gd32f450z_eval.o
    0x08001840   0x08001840   0x0000005e   Code   RO         2893    i.gpio_af_set       gd32f4xx_gpio.o
    0x0800189e   0x0800189e   0x0000004e   Code   RO         2901    i.gpio_mode_set     gd32f4xx_gpio.o
    0x080018ec   0x080018ec   0x00000042   Code   RO         2903    i.gpio_output_options_set  gd32f4xx_gpio.o
    0x0800192e   0x0800192e   0x00000002   PAD
    0x08001930   0x08001930   0x000000c4   Code   RO         7231    i.ht16k33_display_data  ht16k33.o
    0x080019f4   0x080019f4   0x00000072   Code   RO         7232    i.ht16k33_display_off  ht16k33.o
    0x08001a66   0x08001a66   0x0000001a   Code   RO         7233    i.ht16k33_init      ht16k33.o
    0x08001a80   0x08001a80   0x0000003c   Code   RO         7163    i.i2c0_config       i2c.o
    0x08001abc   0x08001abc   0x00000060   Code   RO         7164    i.i2c0_gpio_config  i2c.o
    0x08001b1c   0x08001b1c   0x0000003c   Code   RO         7165    i.i2c1_config       i2c.o
    0x08001b58   0x08001b58   0x00000058   Code   RO         7166    i.i2c1_gpio_config  i2c.o
    0x08001bb0   0x08001bb0   0x00000010   Code   RO         2997    i.i2c_ack_config    gd32f4xx_i2c.o
    0x08001bc0   0x08001bc0   0x00000010   Code   RO         2998    i.i2c_ackpos_config  gd32f4xx_i2c.o
    0x08001bd0   0x08001bd0   0x000007d8   Code   RO          296    i.i2c_addr_init     i2c_ctl.o
    0x080023a8   0x080023a8   0x00000082   Code   RO         7167    i.i2c_addr_poll     i2c.o
    0x0800242a   0x0800242a   0x00000002   PAD
    0x0800242c   0x0800242c   0x00000030   Code   RO            3    i.i2c_bath_task     main.o
    0x0800245c   0x0800245c   0x000000c4   Code   RO         7168    i.i2c_byte_write    i2c.o
    0x08002520   0x08002520   0x000000e4   Code   RO         3001    i.i2c_clock_config  gd32f4xx_i2c.o
    0x08002604   0x08002604   0x000000aa   Code   RO         7169    i.i2c_cmd_write     i2c.o
    0x080026ae   0x080026ae   0x00000008   Code   RO         3002    i.i2c_data_receive  gd32f4xx_i2c.o
    0x080026b6   0x080026b6   0x00000006   Code   RO         3003    i.i2c_data_transmit  gd32f4xx_i2c.o
    0x080026bc   0x080026bc   0x0000000a   Code   RO         3011    i.i2c_enable        gd32f4xx_i2c.o
    0x080026c6   0x080026c6   0x00000028   Code   RO         3012    i.i2c_flag_clear    gd32f4xx_i2c.o
    0x080026ee   0x080026ee   0x0000001e   Code   RO         3013    i.i2c_flag_get      gd32f4xx_i2c.o
    0x0800270c   0x0800270c   0x00000014   Code   RO         3018    i.i2c_master_addressing  gd32f4xx_i2c.o
    0x08002720   0x08002720   0x0000001c   Code   RO         3019    i.i2c_mode_addr_config  gd32f4xx_i2c.o
    0x0800273c   0x0800273c   0x00000180   Code   RO         7170    i.i2c_read          i2c.o
    0x080028bc   0x080028bc   0x0000000a   Code   RO         3032    i.i2c_start_on_bus  gd32f4xx_i2c.o
    0x080028c6   0x080028c6   0x0000000a   Code   RO         3033    i.i2c_stop_on_bus   gd32f4xx_i2c.o
    0x080028d0   0x080028d0   0x000000da   Code   RO         7171    i.i2c_write         i2c.o
    0x080029aa   0x080029aa   0x00000002   PAD
    0x080029ac   0x080029ac   0x00000074   Code   RO            5    i.init_task         main.o
    0x08002a20   0x08002a20   0x00000030   Code   RO            8    i.main              main.o
    0x08002a50   0x08002a50   0x00000108   Code   RO          298    i.nfc_bath          i2c_ctl.o
    0x08002b58   0x08002b58   0x00000010   Code   RO            9    i.nfc_bath_task     main.o
    0x08002b68   0x08002b68   0x000000c4   Code   RO         3466    i.nvic_irq_enable   gd32f4xx_misc.o
    0x08002c2c   0x08002c2c   0x00000014   Code   RO         3467    i.nvic_priority_group_set  gd32f4xx_misc.o
    0x08002c40   0x08002c40   0x0000001c   Code   RO         7276    i.pc9685_init       pca9685.o
    0x08002c5c   0x08002c5c   0x000000d6   Code   RO          300    i.pc9685_rgb_led_control  i2c_ctl.o
    0x08002d32   0x08002d32   0x00000020   Code   RO         7464    i.pca9557_ir_init   pca9557.o
    0x08002d52   0x08002d52   0x00000024   Code   RO         7465    i.pca9557_ir_read   pca9557.o
    0x08002d76   0x08002d76   0x00000002   PAD
    0x08002d78   0x08002d78   0x00000034   Code   RO          249    i.print_buf_putchar  debug.o
    0x08002dac   0x08002dac   0x000000c4   Code   RO         6638    i.prvAddCurrentTaskToDelayedList  tasks.o
    0x08002e70   0x08002e70   0x000000f4   Code   RO         6639    i.prvAddNewTaskToReadyList  tasks.o
    0x08002f64   0x08002f64   0x00000064   Code   RO         7002    i.prvCheckForValidListAndQueue  timers.o
    0x08002fc8   0x08002fc8   0x00000048   Code   RO         6640    i.prvCheckTasksWaitingTermination  tasks.o
    0x08003010   0x08003010   0x0000002a   Code   RO         6252    i.prvCopyDataFromQueue  queue.o
    0x0800303a   0x0800303a   0x00000012   Code   RO         6641    i.prvDeleteTCB      tasks.o
    0x0800304c   0x0800304c   0x00000028   Code   RO         7003    i.prvGetNextExpireTime  timers.o
    0x08003074   0x08003074   0x00000070   Code   RO         5958    i.prvHeapInit       heap_4.o
    0x080030e4   0x080030e4   0x00000028   Code   RO         6642    i.prvIdleTask       tasks.o
    0x0800310c   0x0800310c   0x0000002a   Code   RO         6256    i.prvInitialiseNewQueue  queue.o
    0x08003136   0x08003136   0x000000cc   Code   RO         6643    i.prvInitialiseNewTask  tasks.o
    0x08003202   0x08003202   0x00000002   PAD
    0x08003204   0x08003204   0x00000068   Code   RO         6644    i.prvInitialiseTaskLists  tasks.o
    0x0800326c   0x0800326c   0x00000068   Code   RO         5959    i.prvInsertBlockIntoFreeList  heap_4.o
    0x080032d4   0x080032d4   0x00000058   Code   RO         7005    i.prvInsertTimerInActiveList  timers.o
    0x0800332c   0x0800332c   0x0000001a   Code   RO         6257    i.prvIsQueueEmpty   queue.o
    0x08003346   0x08003346   0x00000002   PAD
    0x08003348   0x08003348   0x00000044   Code   RO         7006    i.prvProcessExpiredTimer  timers.o
    0x0800338c   0x0800338c   0x0000011c   Code   RO         7007    i.prvProcessReceivedCommands  timers.o
    0x080034a8   0x080034a8   0x00000074   Code   RO         7008    i.prvProcessTimerOrBlockTask  timers.o
    0x0800351c   0x0800351c   0x00000028   Code   RO         7009    i.prvReloadTimer    timers.o
    0x08003544   0x08003544   0x00000030   Code   RO         6646    i.prvResetNextTaskUnblockTime  tasks.o
    0x08003574   0x08003574   0x0000002c   Code   RO         7010    i.prvSampleTimeNow  timers.o
    0x080035a0   0x080035a0   0x00000044   Code   RO         7011    i.prvSwitchTimerLists  timers.o
    0x080035e4   0x080035e4   0x00000040   Code   RO         6036    i.prvTaskExitError  port.o
    0x08003624   0x08003624   0x0000001a   Code   RO         7012    i.prvTimerTask      timers.o
    0x0800363e   0x0800363e   0x0000007e   Code   RO         6259    i.prvUnlockQueue    queue.o
    0x080036bc   0x080036bc   0x00000148   Code   RO         5961    i.pvPortMalloc      heap_4.o
    0x08003804   0x08003804   0x0000002c   Code   RO         6037    i.pxPortInitialiseStack  port.o
    0x08003830   0x08003830   0x00000124   Code   RO         3671    i.rcu_clock_freq_get  gd32f4xx_rcu.o
    0x08003954   0x08003954   0x00000024   Code   RO         3690    i.rcu_periph_clock_enable  gd32f4xx_rcu.o
    0x08003978   0x08003978   0x00000024   Code   RO         3693    i.rcu_periph_reset_disable  gd32f4xx_rcu.o
    0x0800399c   0x0800399c   0x00000024   Code   RO         3694    i.rcu_periph_reset_enable  gd32f4xx_rcu.o
    0x080039c0   0x080039c0   0x00000052   Code   RO         7277    i.setPWM            pca9685.o
    0x08003a12   0x08003a12   0x00000038   Code   RO         7278    i.setPWM_off        pca9685.o
    0x08003a4a   0x08003a4a   0x00000002   PAD
    0x08003a4c   0x08003a4c   0x00000024   Code   RO         7684    i.sht35_init        sht35.o
    0x08003a70   0x08003a70   0x00000108   Code   RO         5916    i.system_clock_200m_25m_hxtal  system_gd32f4xx.o
    0x08003b78   0x08003b78   0x00000008   Code   RO         5917    i.system_clock_config  system_gd32f4xx.o
    0x08003b80   0x08003b80   0x00000006   Code   RO         4885    i.timer_interrupt_flag_clear  gd32f4xx_timer.o
    0x08003b86   0x08003b86   0x00000018   Code   RO         4886    i.timer_interrupt_flag_get  gd32f4xx_timer.o
    0x08003b9e   0x08003b9e   0x00000002   PAD
    0x08003ba0   0x08003ba0   0x000000a4   Code   RO         7624    i.uart_init         uart.o
    0x08003c44   0x08003c44   0x000000e8   Code   RO         5515    i.usart_baudrate_set  gd32f4xx_usart.o
    0x08003d2c   0x08003d2c   0x0000000a   Code   RO         5519    i.usart_data_receive  gd32f4xx_usart.o
    0x08003d36   0x08003d36   0x00000002   PAD
    0x08003d38   0x08003d38   0x000000dc   Code   RO         5521    i.usart_deinit      gd32f4xx_usart.o
    0x08003e14   0x08003e14   0x0000000a   Code   RO         5525    i.usart_enable      gd32f4xx_usart.o
    0x08003e1e   0x08003e1e   0x0000001a   Code   RO         5535    i.usart_interrupt_enable  gd32f4xx_usart.o
    0x08003e38   0x08003e38   0x0000001a   Code   RO         5536    i.usart_interrupt_flag_clear  gd32f4xx_usart.o
    0x08003e52   0x08003e52   0x00000038   Code   RO         5537    i.usart_interrupt_flag_get  gd32f4xx_usart.o
    0x08003e8a   0x08003e8a   0x00000010   Code   RO         5552    i.usart_receive_config  gd32f4xx_usart.o
    0x08003e9a   0x08003e9a   0x00000010   Code   RO         5567    i.usart_transmit_config  gd32f4xx_usart.o
    0x08003eaa   0x08003eaa   0x00000028   Code   RO         6215    i.uxListRemove      list.o
    0x08003ed2   0x08003ed2   0x0000001a   Code   RO         6216    i.vListInitialise   list.o
    0x08003eec   0x08003eec   0x00000006   Code   RO         6217    i.vListInitialiseItem  list.o
    0x08003ef2   0x08003ef2   0x00000034   Code   RO         6218    i.vListInsert       list.o
    0x08003f26   0x08003f26   0x00000018   Code   RO         6219    i.vListInsertEnd    list.o
    0x08003f3e   0x08003f3e   0x00000002   PAD
    0x08003f40   0x08003f40   0x00000054   Code   RO         6039    i.vPortEnterCritical  port.o
    0x08003f94   0x08003f94   0x0000003c   Code   RO         6040    i.vPortExitCritical  port.o
    0x08003fd0   0x08003fd0   0x0000008c   Code   RO         5962    i.vPortFree         heap_4.o
    0x0800405c   0x0800405c   0x00000028   Code   RO         6041    i.vPortSetupTimerInterrupt  port.o
    0x08004084   0x08004084   0x00000060   Code   RO         6267    i.vQueueAddToRegistry  queue.o
    0x080040e4   0x080040e4   0x0000004a   Code   RO         6271    i.vQueueWaitForMessageRestricted  queue.o
    0x0800412e   0x0800412e   0x00000002   PAD
    0x08004130   0x08004130   0x0000005c   Code   RO         6658    i.vTaskDelay        tasks.o
    0x0800418c   0x0800418c   0x00000100   Code   RO         6659    i.vTaskDelete       tasks.o
    0x0800428c   0x0800428c   0x00000018   Code   RO         6663    i.vTaskInternalSetTimeOutState  tasks.o
    0x080042a4   0x080042a4   0x0000000c   Code   RO         6664    i.vTaskMissedYield  tasks.o
    0x080042b0   0x080042b0   0x00000038   Code   RO         6665    i.vTaskPlaceOnEventList  tasks.o
    0x080042e8   0x080042e8   0x00000068   Code   RO         6666    i.vTaskPlaceOnEventListRestricted  tasks.o
    0x08004350   0x08004350   0x0000009c   Code   RO         6674    i.vTaskStartScheduler  tasks.o
    0x080043ec   0x080043ec   0x00000010   Code   RO         6676    i.vTaskSuspendAll   tasks.o
    0x080043fc   0x080043fc   0x00000090   Code   RO         6677    i.vTaskSwitchContext  tasks.o
    0x0800448c   0x0800448c   0x00000168   Code   RO         6043    i.xPortStartScheduler  port.o
    0x080045f4   0x080045f4   0x00000066   Code   RO         6274    i.xQueueGenericCreate  queue.o
    0x0800465a   0x0800465a   0x00000002   PAD
    0x0800465c   0x0800465c   0x000000dc   Code   RO         6275    i.xQueueGenericReset  queue.o
    0x08004738   0x08004738   0x00000168   Code   RO         6284    i.xQueueReceive     queue.o
    0x080048a0   0x080048a0   0x00000090   Code   RO         6679    i.xTaskCheckForTimeOut  tasks.o
    0x08004930   0x08004930   0x00000068   Code   RO         6680    i.xTaskCreate       tasks.o
    0x08004998   0x08004998   0x00000020   Code   RO         6687    i.xTaskGetSchedulerState  tasks.o
    0x080049b8   0x080049b8   0x0000000c   Code   RO         6688    i.xTaskGetTickCount  tasks.o
    0x080049c4   0x080049c4   0x000001cc   Code   RO         6690    i.xTaskIncrementTick  tasks.o
    0x08004b90   0x08004b90   0x00000130   Code   RO         6693    i.xTaskRemoveFromEventList  tasks.o
    0x08004cc0   0x08004cc0   0x00000190   Code   RO         6694    i.xTaskResumeAll    tasks.o
    0x08004e50   0x08004e50   0x00000054   Code   RO         7020    i.xTimerCreateTimerTask  timers.o
    0x08004ea4   0x08004ea4   0x00000014   Data   RO         7235    .constdata          ht16k33.o
    0x08004eb8   0x08004eb8   0x00000020   Data   RO         8022    Region$$Table       anon$$obj.o


    Execution Region RW_IRAM1 (Exec base: 0x20000000, Load base: 0x08004ed8, Size: 0x000181b8, Max: 0x00030000, ABSOLUTE)

    Exec Addr    Load Addr    Size         Type   Attr      Idx    E Section Name        Object

    0x20000000   0x08004ed8   0x00000004   Data   RW           11    .data               main.o
    0x20000004   0x08004edc   0x00000016   Data   RW          302    .data               i2c_ctl.o
    0x2000001a   0x08004ef2   0x00000002   PAD
    0x2000001c   0x08004ef4   0x00000004   Data   RW         5918    .data               system_gd32f4xx.o
    0x20000020   0x08004ef8   0x0000001c   Data   RW         5968    .data               heap_4.o
    0x2000003c   0x08004f14   0x0000000c   Data   RW         6044    .data               port.o
    0x20000048   0x08004f20   0x00000040   Data   RW         6697    .data               tasks.o
    0x20000088   0x08004f60   0x00000014   Data   RW         7028    .data               timers.o
    0x2000009c   0x08004f74   0x00000020   Data   RW         7332    .data               ms523.o
    0x200000bc   0x08004f94   0x00000061   Data   RW         7529    .data               gd32f450z_eval.o
    0x2000011d   0x08004ff5   0x00000001   PAD
    0x2000011e   0x08004ff6   0x00000006   Data   RW         7629    .data               uart.o
    0x20000124   0x08004ffc   0x00000004   Data   RW         7996    .data               mc_w.l(stdout.o)
    0x20000128        -       0x00010004   Zero   RW          250    .bss                debug.o
    0x2001012c        -       0x0000006c   Zero   RW          301    .bss                i2c_ctl.o
    0x20010198        -       0x00007800   Zero   RW         5967    .bss                heap_4.o
    0x20017998        -       0x00000040   Zero   RW         6288    .bss                queue.o
    0x200179d8        -       0x000001a4   Zero   RW         6696    .bss                tasks.o
    0x20017b7c        -       0x00000028   Zero   RW         7027    .bss                timers.o
    0x20017ba4        -       0x00000010   Zero   RW         7331    .bss                ms523.o
    0x20017bb4        -       0x00000200   Zero   RW         7628    .bss                uart.o
    0x20017db4   0x08005000   0x00000004   PAD
    0x20017db8        -       0x00000400   Zero   RW         5951    STACK               startup_gd32f450_470.o


==============================================================================

Image component sizes


      Code (inc. data)   RO Data    RW Data    ZI Data      Debug   Object Name

        18          0          0          0          0        598   bh1750.o
        70          6          0          0      65540       3406   debug.o
         0          0          0          0          0      12284   event_groups.o
       268         34          0         97          0       2158   gd32f450z_eval.o
       238          0          0          0          0       2600   gd32f4xx_gpio.o
       422         12          0          0          0       8564   gd32f4xx_i2c.o
       216         20          0          0          0       1572   gd32f4xx_misc.o
       400         40          0          0          0       3784   gd32f4xx_rcu.o
        30          0          0          0          0       1464   gd32f4xx_timer.o
       612         18          0          0          0       6656   gd32f4xx_usart.o
       684         60          0         28      30720      17443   heap_4.o
       336          6         20          0          0       2687   ht16k33.o
      1402         32          0          0          0       6830   i2c.o
      3102        710          0         22        108      10076   i2c_ctl.o
       148          0          0          0          0       3506   list.o
       228         62          0          4          0      71210   main.o
      2682        322          0         32         16      15856   ms523.o
        68          0          0          0          0       1296   pca9557.o
       166          0          0          0          0       1948   pca9685.o
       894         78          0         12          0      10716   port.o
      1088         16          0          0         64      12695   queue.o
        36          6          0          0          0        629   sht35.o
        36          8        428          0       1024        924   startup_gd32f450_470.o
       484         32          0          4          0       3047   system_gd32f4xx.o
      3242        386          0         64        420      28928   tasks.o
       958        108          0         20         40      13868   timers.o
       376         48          0          6        512       2951   uart.o

    ----------------------------------------------------------------------
     18236       2004        480        292      98448     247696   Object Totals
         0          0         32          0          0          0   (incl. Generated)
        32          0          0          3          4          0   (incl. Padding)

    ----------------------------------------------------------------------

      Code (inc. data)   RO Data    RW Data    ZI Data      Debug   Library Member Name

         0          0          0          0          0          0   entry.o
         0          0          0          0          0          0   entry10a.o
         0          0          0          0          0          0   entry11a.o
         4          0          0          0          0          0   entry12b.o
         8          4          0          0          0          0   entry2.o
         4          0          0          0          0          0   entry5.o
         0          0          0          0          0          0   entry7b.o
         0          0          0          0          0          0   entry8b.o
         8          4          0          0          0          0   entry9a.o
        30          0          0          0          0          0   handlers.o
        36          8          0          0          0         68   init.o
        30          0          0          0          0         68   llshl.o
        32          0          0          0          0         68   llushr.o
        36          0          0          0          0         68   memcpya.o
        36          0          0          0          0        108   memseta.o
      1142         54          0          0          0        352   printf8.o
         0          0          0          4          0          0   stdout.o
        98          0          0          0          0         92   uldiv.o

    ----------------------------------------------------------------------
      1468         70          0          4          0        824   Library Totals
         4          0          0          0          0          0   (incl. Padding)

    ----------------------------------------------------------------------

      Code (inc. data)   RO Data    RW Data    ZI Data      Debug   Library Name

      1464         70          0          4          0        824   mc_w.l

    ----------------------------------------------------------------------
      1468         70          0          4          0        824   Library Totals

    ----------------------------------------------------------------------

==============================================================================


      Code (inc. data)   RO Data    RW Data    ZI Data      Debug   

     19704       2074        480        296      98448     233460   Grand Totals
     19704       2074        480        296      98448     233460   ELF Image Totals
     19704       2074        480        296          0          0   ROM Totals

==============================================================================

    Total RO  Size (Code + RO Data)                20184 (  19.71kB)
    Total RW  Size (RW Data + ZI Data)             98744 (  96.43kB)
    Total ROM Size (Code + RO Data + RW Data)      20480 (  20.00kB)

==============================================================================

